Archive member included to satisfy reference by file (symbol)

D:/Program/STM32/STM32CubeIDE_1.19.0/STM32CubeIDE/plugins/com.st.stm32cube.ide.mcu.externaltools.gnu-tools-for-stm32.13.3.rel1.win32_1.0.0.202411081344/tools/bin/../lib/gcc/arm-none-eabi/13.3.1/../../../../arm-none-eabi/lib/thumb/v7e-m+dp/hard\libc.a(libc_a-exit.o)
                              D:/Program/STM32/STM32CubeIDE_1.19.0/STM32CubeIDE/plugins/com.st.stm32cube.ide.mcu.externaltools.gnu-tools-for-stm32.13.3.rel1.win32_1.0.0.202411081344/tools/bin/../lib/gcc/arm-none-eabi/13.3.1/../../../../arm-none-eabi/lib/thumb/v7e-m+dp/hard/crt0.o (exit)
D:/Program/STM32/STM32CubeIDE_1.19.0/STM32CubeIDE/plugins/com.st.stm32cube.ide.mcu.externaltools.gnu-tools-for-stm32.13.3.rel1.win32_1.0.0.202411081344/tools/bin/../lib/gcc/arm-none-eabi/13.3.1/../../../../arm-none-eabi/lib/thumb/v7e-m+dp/hard\libc.a(libc_a-findfp.o)
                              D:/Program/STM32/STM32CubeIDE_1.19.0/STM32CubeIDE/plugins/com.st.stm32cube.ide.mcu.externaltools.gnu-tools-for-stm32.13.3.rel1.win32_1.0.0.202411081344/tools/bin/../lib/gcc/arm-none-eabi/13.3.1/../../../../arm-none-eabi/lib/thumb/v7e-m+dp/hard\libc.a(libc_a-exit.o) (__stdio_exit_handler)
D:/Program/STM32/STM32CubeIDE_1.19.0/STM32CubeIDE/plugins/com.st.stm32cube.ide.mcu.externaltools.gnu-tools-for-stm32.13.3.rel1.win32_1.0.0.202411081344/tools/bin/../lib/gcc/arm-none-eabi/13.3.1/../../../../arm-none-eabi/lib/thumb/v7e-m+dp/hard\libc.a(libc_a-fwalk.o)
                              D:/Program/STM32/STM32CubeIDE_1.19.0/STM32CubeIDE/plugins/com.st.stm32cube.ide.mcu.externaltools.gnu-tools-for-stm32.13.3.rel1.win32_1.0.0.202411081344/tools/bin/../lib/gcc/arm-none-eabi/13.3.1/../../../../arm-none-eabi/lib/thumb/v7e-m+dp/hard\libc.a(libc_a-findfp.o) (_fwalk_sglue)
D:/Program/STM32/STM32CubeIDE_1.19.0/STM32CubeIDE/plugins/com.st.stm32cube.ide.mcu.externaltools.gnu-tools-for-stm32.13.3.rel1.win32_1.0.0.202411081344/tools/bin/../lib/gcc/arm-none-eabi/13.3.1/../../../../arm-none-eabi/lib/thumb/v7e-m+dp/hard\libc.a(libc_a-stdio.o)
                              D:/Program/STM32/STM32CubeIDE_1.19.0/STM32CubeIDE/plugins/com.st.stm32cube.ide.mcu.externaltools.gnu-tools-for-stm32.13.3.rel1.win32_1.0.0.202411081344/tools/bin/../lib/gcc/arm-none-eabi/13.3.1/../../../../arm-none-eabi/lib/thumb/v7e-m+dp/hard\libc.a(libc_a-findfp.o) (__sread)
D:/Program/STM32/STM32CubeIDE_1.19.0/STM32CubeIDE/plugins/com.st.stm32cube.ide.mcu.externaltools.gnu-tools-for-stm32.13.3.rel1.win32_1.0.0.202411081344/tools/bin/../lib/gcc/arm-none-eabi/13.3.1/../../../../arm-none-eabi/lib/thumb/v7e-m+dp/hard\libc.a(libc_a-vsnprintf.o)
                              ./Core/Src/printf.o (vsnprintf)
D:/Program/STM32/STM32CubeIDE_1.19.0/STM32CubeIDE/plugins/com.st.stm32cube.ide.mcu.externaltools.gnu-tools-for-stm32.13.3.rel1.win32_1.0.0.202411081344/tools/bin/../lib/gcc/arm-none-eabi/13.3.1/../../../../arm-none-eabi/lib/thumb/v7e-m+dp/hard\libc.a(libc_a-memset.o)
                              D:/Program/STM32/STM32CubeIDE_1.19.0/STM32CubeIDE/plugins/com.st.stm32cube.ide.mcu.externaltools.gnu-tools-for-stm32.13.3.rel1.win32_1.0.0.202411081344/tools/bin/../lib/gcc/arm-none-eabi/13.3.1/../../../../arm-none-eabi/lib/thumb/v7e-m+dp/hard/crt0.o (memset)
D:/Program/STM32/STM32CubeIDE_1.19.0/STM32CubeIDE/plugins/com.st.stm32cube.ide.mcu.externaltools.gnu-tools-for-stm32.13.3.rel1.win32_1.0.0.202411081344/tools/bin/../lib/gcc/arm-none-eabi/13.3.1/../../../../arm-none-eabi/lib/thumb/v7e-m+dp/hard\libc.a(libc_a-closer.o)
                              D:/Program/STM32/STM32CubeIDE_1.19.0/STM32CubeIDE/plugins/com.st.stm32cube.ide.mcu.externaltools.gnu-tools-for-stm32.13.3.rel1.win32_1.0.0.202411081344/tools/bin/../lib/gcc/arm-none-eabi/13.3.1/../../../../arm-none-eabi/lib/thumb/v7e-m+dp/hard\libc.a(libc_a-stdio.o) (_close_r)
D:/Program/STM32/STM32CubeIDE_1.19.0/STM32CubeIDE/plugins/com.st.stm32cube.ide.mcu.externaltools.gnu-tools-for-stm32.13.3.rel1.win32_1.0.0.202411081344/tools/bin/../lib/gcc/arm-none-eabi/13.3.1/../../../../arm-none-eabi/lib/thumb/v7e-m+dp/hard\libc.a(libc_a-reent.o)
                              D:/Program/STM32/STM32CubeIDE_1.19.0/STM32CubeIDE/plugins/com.st.stm32cube.ide.mcu.externaltools.gnu-tools-for-stm32.13.3.rel1.win32_1.0.0.202411081344/tools/bin/../lib/gcc/arm-none-eabi/13.3.1/../../../../arm-none-eabi/lib/thumb/v7e-m+dp/hard\libc.a(libc_a-closer.o) (errno)
D:/Program/STM32/STM32CubeIDE_1.19.0/STM32CubeIDE/plugins/com.st.stm32cube.ide.mcu.externaltools.gnu-tools-for-stm32.13.3.rel1.win32_1.0.0.202411081344/tools/bin/../lib/gcc/arm-none-eabi/13.3.1/../../../../arm-none-eabi/lib/thumb/v7e-m+dp/hard\libc.a(libc_a-impure.o)
                              D:/Program/STM32/STM32CubeIDE_1.19.0/STM32CubeIDE/plugins/com.st.stm32cube.ide.mcu.externaltools.gnu-tools-for-stm32.13.3.rel1.win32_1.0.0.202411081344/tools/bin/../lib/gcc/arm-none-eabi/13.3.1/../../../../arm-none-eabi/lib/thumb/v7e-m+dp/hard\libc.a(libc_a-vsnprintf.o) (_impure_ptr)
[...]
Memory Configuration

Name             Origin             Length             Attributes
FLASH            0x08000000         0x00200000         xr
DTCMRAM          0x20000000         0x00020000         xrw
RAM_D1           0x24000000         0x00080000         xrw
RAM_D2           0x30000000         0x00048000         xrw
RAM_D3           0x38000000         0x00010000         xrw
ITCMRAM          0x00000000         0x00010000         xrw
*default*        0x00000000         0xffffffff

Linker script and memory map

LOAD D:/Program/STM32/STM32CubeIDE_1.19.0/STM32CubeIDE/plugins/com.st.stm32cube.ide.mcu.externaltools.gnu-tools-for-stm32.13.3.rel1.win32_1.0.0.202411081344/tools/bin/../lib/gcc/arm-none-eabi/13.3.1/thumb/v7e-m+dp/hard/crti.o
LOAD D:/Program/STM32/STM32CubeIDE_1.19.0/STM32CubeIDE/plugins/com.st.stm32cube.ide.mcu.externaltools.gnu-tools-for-stm32.13.3.rel1.win32_1.0.0.202411081344/tools/bin/../lib/gcc/arm-none-eabi/13.3.1/thumb/v7e-m+dp/hard/crtbegin.o
LOAD D:/Program/STM32/STM32CubeIDE_1.19.0/STM32CubeIDE/plugins/com.st.stm32cube.ide.mcu.externaltools.gnu-tools-for-stm32.13.3.rel1.win32_1.0.0.202411081344/tools/bin/../lib/gcc/arm-none-eabi/13.3.1/../../../../arm-none-eabi/lib/thumb/v7e-m+dp/hard/crt0.o
LOAD ./Core/Src/DcMotors.o
LOAD ./Core/Src/ad.o
LOAD ./Core/Src/adc.o
LOAD ./Core/Src/bdma.o
LOAD ./Core/Src/dma.o
LOAD ./Core/Src/gpio.o
LOAD ./Core/Src/joy.o
LOAD ./Core/Src/main.o
LOAD ./Core/Src/pid.o
LOAD ./Core/Src/printf.o
LOAD ./Core/Src/stm32h7xx_hal_msp.o
LOAD ./Core/Src/stm32h7xx_it.o
LOAD ./Core/Src/syscalls.o
LOAD ./Core/Src/sysmem.o
LOAD ./Core/Src/system_stm32h7xx.o
LOAD ./Core/Src/tim.o
LOAD ./Core/Src/usart.o
LOAD ./Core/Src/vofa.o
LOAD ./Core/Startup/startup_stm32h743vitx.o
LOAD ./Drivers/STM32H7xx_HAL_Driver/Src/stm32h7xx_hal.o
LOAD ./Drivers/STM32H7xx_HAL_Driver/Src/stm32h7xx_hal_adc.o
LOAD ./Drivers/STM32H7xx_HAL_Driver/Src/stm32h7xx_hal_adc_ex.o
LOAD ./Drivers/STM32H7xx_HAL_Driver/Src/stm32h7xx_hal_cortex.o
LOAD ./Drivers/STM32H7xx_HAL_Driver/Src/stm32h7xx_hal_dma.o
LOAD ./Drivers/STM32H7xx_HAL_Driver/Src/stm32h7xx_hal_dma_ex.o
LOAD ./Drivers/STM32H7xx_HAL_Driver/Src/stm32h7xx_hal_exti.o
LOAD ./Drivers/STM32H7xx_HAL_Driver/Src/stm32h7xx_hal_flash.o
LOAD ./Drivers/STM32H7xx_HAL_Driver/Src/stm32h7xx_hal_flash_ex.o
LOAD ./Drivers/STM32H7xx_HAL_Driver/Src/stm32h7xx_hal_gpio.o
LOAD ./Drivers/STM32H7xx_HAL_Driver/Src/stm32h7xx_hal_hsem.o
LOAD ./Drivers/STM32H7xx_HAL_Driver/Src/stm32h7xx_hal_i2c.o
LOAD ./Drivers/STM32H7xx_HAL_Driver/Src/stm32h7xx_hal_i2c_ex.o
LOAD ./Drivers/STM32H7xx_HAL_Driver/Src/stm32h7xx_hal_mdma.o
LOAD ./Drivers/STM32H7xx_HAL_Driver/Src/stm32h7xx_hal_pwr.o
LOAD ./Drivers/STM32H7xx_HAL_Driver/Src/stm32h7xx_hal_pwr_ex.o
LOAD ./Drivers/STM32H7xx_HAL_Driver/Src/stm32h7xx_hal_rcc.o
LOAD ./Drivers/STM32H7xx_HAL_Driver/Src/stm32h7xx_hal_rcc_ex.o
LOAD ./Drivers/STM32H7xx_HAL_Driver/Src/stm32h7xx_hal_tim.o
LOAD ./Drivers/STM32H7xx_HAL_Driver/Src/stm32h7xx_hal_tim_ex.o
LOAD ./Drivers/STM32H7xx_HAL_Driver/Src/stm32h7xx_hal_uart.o
LOAD ./Drivers/STM32H7xx_HAL_Driver/Src/stm32h7xx_hal_uart_ex.o
START GROUP
LOAD D:/Program/STM32/STM32CubeIDE_1.19.0/STM32CubeIDE/plugins/com.st.stm32cube.ide.mcu.externaltools.gnu-tools-for-stm32.13.3.rel1.win32_1.0.0.202411081344/tools/bin/../lib/gcc/arm-none-eabi/13.3.1/../../../../arm-none-eabi/lib/thumb/v7e-m+dp/hard\libc.a
LOAD D:/Program/STM32/STM32CubeIDE_1.19.0/STM32CubeIDE/plugins/com.st.stm32cube.ide.mcu.externaltools.gnu-tools-for-stm32.13.3.rel1.win32_1.0.0.202411081344/tools/bin/../lib/gcc/arm-none-eabi/13.3.1/../../../../arm-none-eabi/lib/thumb/v7e-m+dp/hard\libm.a
END GROUP
START GROUP
LOAD D:/Program/STM32/STM32CubeIDE_1.19.0/STM32CubeIDE/plugins/com.st.stm32cube.ide.mcu.externaltools.gnu-tools-for-stm32.13.3.rel1.win32_1.0.0.202411081344/tools/bin/../lib/gcc/arm-none-eabi/13.3.1/thumb/v7e-m+dp/hard\libgcc.a
LOAD D:/Program/STM32/STM32CubeIDE_1.19.0/STM32CubeIDE/plugins/com.st.stm32cube.ide.mcu.externaltools.gnu-tools-for-stm32.13.3.rel1.win32_1.0.0.202411081344/tools/bin/../lib/gcc/arm-none-eabi/13.3.1/../../../../arm-none-eabi/lib/thumb/v7e-m+dp/hard\libc.a
END GROUP
START GROUP
LOAD D:/Program/STM32/STM32CubeIDE_1.19.0/STM32CubeIDE/plugins/com.st.stm32cube.ide.mcu.externaltools.gnu-tools-for-stm32.13.3.rel1.win32_1.0.0.202411081344/tools/bin/../lib/gcc/arm-none-eabi/13.3.1/thumb/v7e-m+dp/hard\libgcc.a
LOAD D:/Program/STM32/STM32CubeIDE_1.19.0/STM32CubeIDE/plugins/com.st.stm32cube.ide.mcu.externaltools.gnu-tools-for-stm32.13.3.rel1.win32_1.0.0.202411081344/tools/bin/../lib/gcc/arm-none-eabi/13.3.1/../../../../arm-none-eabi/lib/thumb/v7e-m+dp/hard\libc.a
LOAD D:/Program/STM32/STM32CubeIDE_1.19.0/STM32CubeIDE/plugins/com.st.stm32cube.ide.mcu.externaltools.gnu-tools-for-stm32.13.3.rel1.win32_1.0.0.202411081344/tools/bin/../lib/gcc/arm-none-eabi/13.3.1/../../../../arm-none-eabi/lib/thumb/v7e-m+dp/hard\libnosys.a
END GROUP
LOAD D:/Program/STM32/STM32CubeIDE_1.19.0/STM32CubeIDE/plugins/com.st.stm32cube.ide.mcu.externaltools.gnu-tools-for-stm32.13.3.rel1.win32_1.0.0.202411081344/tools/bin/../lib/gcc/arm-none-eabi/13.3.1/thumb/v7e-m+dp/hard/crtend.o
LOAD D:/Program/STM32/STM32CubeIDE_1.19.0/STM32CubeIDE/plugins/com.st.stm32cube.ide.mcu.externaltools.gnu-tools-for-stm32.13.3.rel1.win32_1.0.0.202411081344/tools/bin/../lib/gcc/arm-none-eabi/13.3.1/thumb/v7e-m+dp/hard/crtn.o
                0x24080000                        _estack = (ORIGIN (RAM_D1) + LENGTH (RAM_D1))
                0x00000600                        _Min_Heap_Size = 0x600
                0x00001000                        _Min_Stack_Size = 0x1000

.isr_vector     0x08000000      0x298
                0x08000000                        . = ALIGN (0x4)
 *(.isr_vector)
 .isr_vector    0x08000000      0x298 ./Core/Startup/startup_stm32h743vitx.o
                0x08000000                g_pfnVectors
                0x08000298                        . = ALIGN (0x4)

.text           0x080002a0    0x156d0
                0x080002a0                        . = ALIGN (0x4)
 *(.text)
 .text          0x080002a0       0x40 D:/Program/STM32/STM32CubeIDE_1.19.0/STM32CubeIDE/plugins/com.st.stm32cube.ide.mcu.externaltools.gnu-tools-for-stm32.13.3.rel1.win32_1.0.0.202411081344/tools/bin/../lib/gcc/arm-none-eabi/13.3.1/thumb/v7e-m+dp/hard/crtbegin.o
 .text          0x080002e0       0xa0 D:/Program/STM32/STM32CubeIDE_1.19.0/STM32CubeIDE/plugins/com.st.stm32cube.ide.mcu.externaltools.gnu-tools-for-stm32.13.3.rel1.win32_1.0.0.202411081344/tools/bin/../lib/gcc/arm-none-eabi/13.3.1/../../../../arm-none-eabi/lib/thumb/v7e-m+dp/hard\libc.a(libc_a-memchr.o)
                0x080002e0                memchr
 .text          0x08000380       0x10 D:/Program/STM32/STM32CubeIDE_1.19.0/STM32CubeIDE/plugins/com.st.stm32cube.ide.mcu.externaltools.gnu-tools-for-stm32.13.3.rel1.win32_1.0.0.202411081344/tools/bin/../lib/gcc/arm-none-eabi/13.3.1/../../../../arm-none-eabi/lib/thumb/v7e-m+dp/hard\libc.a(libc_a-strlen.o)
                0x08000380                strlen
 .text          0x08000390      0x378 D:/Program/STM32/STM32CubeIDE_1.19.0/STM32CubeIDE/plugins/com.st.stm32cube.ide.mcu.externaltools.gnu-tools-for-stm32.13.3.rel1.win32_1.0.0.202411081344/tools/bin/../lib/gcc/arm-none-eabi/13.3.1/thumb/v7e-m+dp/hard\libgcc.a(_arm_addsubdf3.o)
                0x08000390                __aeabi_drsub
                0x08000398                __aeabi_dsub
                0x08000398                __subdf3
                0x0800039c                __aeabi_dadd
                0x0800039c                __adddf3
                0x08000614                __floatunsidf
                0x08000614                __aeabi_ui2d
                0x08000634                __floatsidf
                0x08000634                __aeabi_i2d
                0x08000658                __aeabi_f2d
                0x08000658                __extendsfdf2
                0x0800069c                __floatundidf
                0x0800069c                __aeabi_ul2d
                0x080006ac                __floatdidf
                0x080006ac                __aeabi_l2d
 .text          0x08000708       0x30 D:/Program/STM32/STM32CubeIDE_1.19.0/STM32CubeIDE/plugins/com.st.stm32cube.ide.mcu.externaltools.gnu-tools-for-stm32.13.3.rel1.win32_1.0.0.202411081344/tools/bin/../lib/gcc/arm-none-eabi/13.3.1/thumb/v7e-m+dp/hard\libgcc.a(_aeabi_uldivmod.o)
                0x08000708                __aeabi_uldivmod
 .text          0x08000738       0x28 D:/Program/STM32/STM32CubeIDE_1.19.0/STM32CubeIDE/plugins/com.st.stm32cube.ide.mcu.externaltools.gnu-tools-for-stm32.13.3.rel1.win32_1.0.0.202411081344/tools/bin/../lib/gcc/arm-none-eabi/13.3.1/thumb/v7e-m+dp/hard\libgcc.a(_fixsfdi.o)
                0x08000738                __fixsfdi
                0x08000738                __aeabi_f2lz
 .text          0x08000760       0x40 D:/Program/STM32/STM32CubeIDE_1.19.0/STM32CubeIDE/plugins/com.st.stm32cube.ide.mcu.externaltools.gnu-tools-for-stm32.13.3.rel1.win32_1.0.0.202411081344/tools/bin/../lib/gcc/arm-none-eabi/13.3.1/thumb/v7e-m+dp/hard\libgcc.a(_fixunssfdi.o)
                0x08000760                __fixunssfdi
                0x08000760                __aeabi_f2ulz
 .text          0x080007a0      0x2f8 D:/Program/STM32/STM32CubeIDE_1.19.0/STM32CubeIDE/plugins/com.st.stm32cube.ide.mcu.externaltools.gnu-tools-for-stm32.13.3.rel1.win32_1.0.0.202411081344/tools/bin/../lib/gcc/arm-none-eabi/13.3.1/thumb/v7e-m+dp/hard\libgcc.a(_udivmoddi4.o)
                0x080007a0                __udivmoddi4
 .text          0x08000a98        0x4 D:/Program/STM32/STM32CubeIDE_1.19.0/STM32CubeIDE/plugins/com.st.stm32cube.ide.mcu.externaltools.gnu-tools-for-stm32.13.3.rel1.win32_1.0.0.202411081344/tools/bin/../lib/gcc/arm-none-eabi/13.3.1/thumb/v7e-m+dp/hard\libgcc.a(_dvmd_tls.o)
                0x08000a98                __aeabi_idiv0
                0x08000a98                __aeabi_ldiv0
 *(.text*)
 .text.xM_init  0x08000a9c       0x6c ./Core/Src/DcMotors.o
                0x08000a9c                xM_init
 .text.motor_init
                0x08000b08      0x1d8 ./Core/Src/DcMotors.o
                0x08000b08                motor_init
 .text.motor_run
                0x08000ce0      0x158 ./Core/Src/DcMotors.o
                0x08000ce0                motor_run
 .text.motor_run_speed_50ms
                0x08000e38      0x1d0 ./Core/Src/DcMotors.o
                0x08000e38                motor_run_speed_50ms
 .text.motor_position
                0x08001008       0xe8 ./Core/Src/DcMotors.o
                0x08001008                motor_position
 .text.motor_run_position
                0x080010f0      0x1a4 ./Core/Src/DcMotors.o
                0x080010f0                motor_run_position
 *fill*         0x08001294        0x4 
 .text.distal_rotating
                0x08001298      0x11c ./Core/Src/DcMotors.o
                0x08001298                distal_rotating
 *fill*         0x080013b4        0x4 
 .text.distal_bending
                0x080013b8      0x108 ./Core/Src/DcMotors.o
                0x080013b8                distal_bending
 .text.adc_init
                0x080014c0      0x104 ./Core/Src/ad.o
                0x080014c0                adc_init
 .text.HAL_ADC_ConvCpltCallback
                0x080015c4       0x50 ./Core/Src/ad.o
                0x080015c4                HAL_ADC_ConvCpltCallback
 .text.MX_ADC1_Init
                0x08001614      0x1e0 ./Core/Src/adc.o
                0x08001614                MX_ADC1_Init
 .text.MX_ADC2_Init
                0x080017f4      0x1a4 ./Core/Src/adc.o
                0x080017f4                MX_ADC2_Init
 .text.MX_ADC3_Init
                0x08001998      0x12c ./Core/Src/adc.o
                0x08001998                MX_ADC3_Init
 .text.HAL_ADC_MspInit
                0x08001ac4      0x2b8 ./Core/Src/adc.o
                0x08001ac4                HAL_ADC_MspInit
 .text.MX_BDMA_Init
                0x08001d7c       0x40 ./Core/Src/bdma.o
                0x08001d7c                MX_BDMA_Init
 .text.MX_DMA_Init
                0x08001dbc       0xa0 ./Core/Src/dma.o
                0x08001dbc                MX_DMA_Init
 .text.MX_GPIO_Init
                0x08001e5c      0x13c ./Core/Src/gpio.o
                0x08001e5c                MX_GPIO_Init
 .text.joy_xy   0x08001f98      0x2ec ./Core/Src/joy.o
                0x08001f98                joy_xy
 *fill*         0x08002284        0x4 
 .text.HAL_TIM_PeriodElapsedCallback
                0x08002288      0x7d8 ./Core/Src/main.o
                0x08002288                HAL_TIM_PeriodElapsedCallback
 .text.main     0x08002a60      0x51c ./Core/Src/main.o
                0x08002a60                main
 .text.SystemClock_Config
                0x08002f7c       0xf4 ./Core/Src/main.o
                0x08002f7c                SystemClock_Config
 .text.PeriphCommonClock_Config
                0x08003070       0x5e ./Core/Src/main.o
                0x08003070                PeriphCommonClock_Config
 .text.Error_Handler
                0x080030ce        0xc ./Core/Src/main.o
                0x080030ce                Error_Handler
 .text.PosionPID_realize
                0x080030da       0xe6 ./Core/Src/pid.o
                0x080030da                PosionPID_realize
 .text.addPID_realize
                0x080031c0       0xfa ./Core/Src/pid.o
                0x080031c0                addPID_realize
 *fill*         0x080032ba        0x2 
 .text.PID_param_init
                0x080032bc       0x70 ./Core/Src/pid.o
                0x080032bc                PID_param_init
 .text.printf_init
                0x0800332c      0x364 ./Core/Src/printf.o
                0x0800332c                printf_init
 .text.printf1  0x08003690       0x50 ./Core/Src/printf.o
                0x08003690                printf1
 .text.HAL_UARTEx_RxEventCallback
                0x080036e0       0xfc ./Core/Src/printf.o
                0x080036e0                HAL_UARTEx_RxEventCallback
 .text.HAL_UART_ErrorCallback
                0x080037dc       0x7c ./Core/Src/printf.o
                0x080037dc                HAL_UART_ErrorCallback
 .text.HAL_MspInit
                0x08003858       0x34 ./Core/Src/stm32h7xx_hal_msp.o
                0x08003858                HAL_MspInit
 .text.NMI_Handler
                0x0800388c        0x8 ./Core/Src/stm32h7xx_it.o
                0x0800388c                NMI_Handler
 .text.HardFault_Handler
                0x08003894        0x8 ./Core/Src/stm32h7xx_it.o
                0x08003894                HardFault_Handler
 .text.MemManage_Handler
                0x0800389c        0x8 ./Core/Src/stm32h7xx_it.o
                0x0800389c                MemManage_Handler
 .text.BusFault_Handler
                0x080038a4        0x8 ./Core/Src/stm32h7xx_it.o
                0x080038a4                BusFault_Handler
 .text.UsageFault_Handler
                0x080038ac        0x8 ./Core/Src/stm32h7xx_it.o
                0x080038ac                UsageFault_Handler
 .text.SVC_Handler
                0x080038b4        0xe ./Core/Src/stm32h7xx_it.o
                0x080038b4                SVC_Handler
 .text.DebugMon_Handler
                0x080038c2        0xe ./Core/Src/stm32h7xx_it.o
                0x080038c2                DebugMon_Handler
 .text.PendSV_Handler
                0x080038d0        0xe ./Core/Src/stm32h7xx_it.o
                0x080038d0                PendSV_Handler
 .text.SysTick_Handler
                0x080038de        0xc ./Core/Src/stm32h7xx_it.o
                0x080038de                SysTick_Handler
 *fill*         0x080038ea        0x2 
 .text.DMA1_Stream0_IRQHandler
                0x080038ec       0x14 ./Core/Src/stm32h7xx_it.o
                0x080038ec                DMA1_Stream0_IRQHandler
 .text.DMA1_Stream1_IRQHandler
                0x08003900       0x14 ./Core/Src/stm32h7xx_it.o
                0x08003900                DMA1_Stream1_IRQHandler
 .text.DMA1_Stream2_IRQHandler
                0x08003914       0x14 ./Core/Src/stm32h7xx_it.o
                0x08003914                DMA1_Stream2_IRQHandler
 .text.DMA1_Stream3_IRQHandler
                0x08003928       0x14 ./Core/Src/stm32h7xx_it.o
                0x08003928                DMA1_Stream3_IRQHandler
 .text.DMA1_Stream4_IRQHandler
                0x0800393c       0x14 ./Core/Src/stm32h7xx_it.o
                0x0800393c                DMA1_Stream4_IRQHandler
 .text.DMA1_Stream5_IRQHandler
                0x08003950       0x14 ./Core/Src/stm32h7xx_it.o
                0x08003950                DMA1_Stream5_IRQHandler
 .text.DMA1_Stream6_IRQHandler
                0x08003964       0x14 ./Core/Src/stm32h7xx_it.o
                0x08003964                DMA1_Stream6_IRQHandler
 .text.TIM1_UP_IRQHandler
                0x08003978       0x14 ./Core/Src/stm32h7xx_it.o
                0x08003978                TIM1_UP_IRQHandler
 .text.TIM2_IRQHandler
                0x0800398c       0x14 ./Core/Src/stm32h7xx_it.o
                0x0800398c                TIM2_IRQHandler
 .text.TIM3_IRQHandler
                0x080039a0       0x14 ./Core/Src/stm32h7xx_it.o
                0x080039a0                TIM3_IRQHandler
 .text.USART1_IRQHandler
                0x080039b4       0x14 ./Core/Src/stm32h7xx_it.o
                0x080039b4                USART1_IRQHandler
 .text.USART2_IRQHandler
                0x080039c8       0x14 ./Core/Src/stm32h7xx_it.o
                0x080039c8                USART2_IRQHandler
 .text.USART3_IRQHandler
                0x080039dc       0x14 ./Core/Src/stm32h7xx_it.o
                0x080039dc                USART3_IRQHandler
 .text.TIM8_UP_TIM13_IRQHandler
                0x080039f0       0x14 ./Core/Src/stm32h7xx_it.o
                0x080039f0                TIM8_UP_TIM13_IRQHandler
 .text.TIM6_DAC_IRQHandler
                0x08003a04       0x14 ./Core/Src/stm32h7xx_it.o
                0x08003a04                TIM6_DAC_IRQHandler
 .text.TIM7_IRQHandler
                0x08003a18       0x14 ./Core/Src/stm32h7xx_it.o
                0x08003a18                TIM7_IRQHandler
 .text.BDMA_Channel0_IRQHandler
                0x08003a2c       0x14 ./Core/Src/stm32h7xx_it.o
                0x08003a2c                BDMA_Channel0_IRQHandler
 .text._getpid  0x08003a40       0x10 ./Core/Src/syscalls.o
                0x08003a40                _getpid
 .text._kill    0x08003a50       0x20 ./Core/Src/syscalls.o
                0x08003a50                _kill
 .text._exit    0x08003a70       0x16 ./Core/Src/syscalls.o
                0x08003a70                _exit
 .text._read    0x08003a86       0x3a ./Core/Src/syscalls.o
                0x08003a86                _read
 .text._write   0x08003ac0       0x38 ./Core/Src/syscalls.o
                0x08003ac0                _write
 .text._close   0x08003af8       0x18 ./Core/Src/syscalls.o
                0x08003af8                _close
 .text._fstat   0x08003b10       0x20 ./Core/Src/syscalls.o
                0x08003b10                _fstat
 .text._isatty  0x08003b30       0x16 ./Core/Src/syscalls.o
                0x08003b30                _isatty
 .text._lseek   0x08003b46       0x1a ./Core/Src/syscalls.o
                0x08003b46                _lseek
 .text._sbrk    0x08003b60       0x6c ./Core/Src/sysmem.o
                0x08003b60                _sbrk
 .text.SystemInit
                0x08003bcc      0x110 ./Core/Src/system_stm32h7xx.o
                0x08003bcc                SystemInit
 .text.MX_TIM1_Init
                0x08003cdc       0xb4 ./Core/Src/tim.o
                0x08003cdc                MX_TIM1_Init
 .text.MX_TIM2_Init
                0x08003d90       0xa8 ./Core/Src/tim.o
                0x08003d90                MX_TIM2_Init
 .text.MX_TIM3_Init
                0x08003e38       0xac ./Core/Src/tim.o
                0x08003e38                MX_TIM3_Init
 .text.MX_TIM4_Init
                0x08003ee4       0xf8 ./Core/Src/tim.o
                0x08003ee4                MX_TIM4_Init
 .text.MX_TIM6_Init
                0x08003fdc       0x6c ./Core/Src/tim.o
                0x08003fdc                MX_TIM6_Init
 .text.MX_TIM7_Init
                0x08004048       0x6c ./Core/Src/tim.o
                0x08004048                MX_TIM7_Init
 .text.MX_TIM8_Init
                0x080040b4       0xb4 ./Core/Src/tim.o
                0x080040b4                MX_TIM8_Init
 .text.MX_TIM15_Init
                0x08004168      0x10c ./Core/Src/tim.o
                0x08004168                MX_TIM15_Init
 .text.HAL_TIM_Encoder_MspInit
                0x08004274      0x25c ./Core/Src/tim.o
                0x08004274                HAL_TIM_Encoder_MspInit
 .text.HAL_TIM_PWM_MspInit
                0x080044d0       0x74 ./Core/Src/tim.o
                0x080044d0                HAL_TIM_PWM_MspInit
 .text.HAL_TIM_Base_MspInit
                0x08004544       0x90 ./Core/Src/tim.o
                0x08004544                HAL_TIM_Base_MspInit
 .text.HAL_TIM_MspPostInit
                0x080045d4       0xc8 ./Core/Src/tim.o
                0x080045d4                HAL_TIM_MspPostInit
 .text.MX_USART1_UART_Init
                0x0800469c       0x98 ./Core/Src/usart.o
                0x0800469c                MX_USART1_UART_Init
 .text.MX_USART2_UART_Init
                0x08004734       0x98 ./Core/Src/usart.o
                0x08004734                MX_USART2_UART_Init
 .text.MX_USART3_UART_Init
                0x080047cc       0x98 ./Core/Src/usart.o
                0x080047cc                MX_USART3_UART_Init
 .text.HAL_UART_MspInit
                0x08004864      0x4a0 ./Core/Src/usart.o
                0x08004864                HAL_UART_MspInit
 .text.Reset_Handler
                0x08004d04       0x50 ./Core/Startup/startup_stm32h743vitx.o
                0x08004d04                Reset_Handler
 .text.Default_Handler
                0x08004d54        0x2 ./Core/Startup/startup_stm32h743vitx.o
                0x08004d54                RTC_Alarm_IRQHandler
                0x08004d54                EXTI2_IRQHandler
                0x08004d54                TIM8_CC_IRQHandler
                0x08004d54                HRTIM1_Master_IRQHandler
                0x08004d54                UART8_IRQHandler
                0x08004d54                SPI4_IRQHandler
                0x08004d54                TIM1_CC_IRQHandler
                0x08004d54                BDMA_Channel6_IRQHandler
                0x08004d54                DMA2_Stream5_IRQHandler
                0x08004d54                HRTIM1_FLT_IRQHandler
                0x08004d54                JPEG_IRQHandler
                0x08004d54                BDMA_Channel1_IRQHandler
                0x08004d54                HRTIM1_TIMD_IRQHandler
                0x08004d54                TAMP_STAMP_IRQHandler
                0x08004d54                EXTI3_IRQHandler
                0x08004d54                LPTIM4_IRQHandler
                0x08004d54                TIM8_TRG_COM_TIM14_IRQHandler
                0x08004d54                LPTIM2_IRQHandler
                0x08004d54                DFSDM1_FLT1_IRQHandler
                0x08004d54                DMAMUX2_OVR_IRQHandler
                0x08004d54                I2C3_ER_IRQHandler
                0x08004d54                DFSDM1_FLT2_IRQHandler
                0x08004d54                MDMA_IRQHandler
                0x08004d54                LPTIM3_IRQHandler
                0x08004d54                HSEM1_IRQHandler
                0x08004d54                EXTI0_IRQHandler
                0x08004d54                I2C2_EV_IRQHandler
                0x08004d54                FPU_IRQHandler
                0x08004d54                OTG_HS_WKUP_IRQHandler
                0x08004d54                FDCAN1_IT1_IRQHandler
                0x08004d54                LTDC_ER_IRQHandler
                0x08004d54                DMA2_Stream2_IRQHandler
                0x08004d54                HRTIM1_TIME_IRQHandler
                0x08004d54                SPI1_IRQHandler
                0x08004d54                DCMI_IRQHandler
                0x08004d54                HRTIM1_TIMC_IRQHandler
                0x08004d54                DMA2_Stream3_IRQHandler
                0x08004d54                SAI2_IRQHandler
                0x08004d54                DFSDM1_FLT3_IRQHandler
                0x08004d54                USART6_IRQHandler
                0x08004d54                TIM17_IRQHandler
                0x08004d54                BDMA_Channel7_IRQHandler
                0x08004d54                LPTIM5_IRQHandler
                0x08004d54                UART5_IRQHandler
                0x08004d54                ADC3_IRQHandler
                0x08004d54                DMA2_Stream0_IRQHandler
                0x08004d54                TIM4_IRQHandler
                0x08004d54                BDMA_Channel2_IRQHandler
                0x08004d54                QUADSPI_IRQHandler
                0x08004d54                I2C1_EV_IRQHandler
                0x08004d54                DMAMUX1_OVR_IRQHandler
                0x08004d54                TIM16_IRQHandler
                0x08004d54                UART4_IRQHandler
                0x08004d54                BDMA_Channel5_IRQHandler
                0x08004d54                RCC_IRQHandler
                0x08004d54                TIM8_BRK_TIM12_IRQHandler
                0x08004d54                TIM1_TRG_COM_IRQHandler
                0x08004d54                Default_Handler
                0x08004d54                ECC_IRQHandler
                0x08004d54                CEC_IRQHandler
                0x08004d54                EXTI15_10_IRQHandler
                0x08004d54                ADC_IRQHandler
                0x08004d54                DMA1_Stream7_IRQHandler
                0x08004d54                HRTIM1_TIMA_IRQHandler
                0x08004d54                SPI5_IRQHandler
                0x08004d54                SDMMC1_IRQHandler
                0x08004d54                TIM5_IRQHandler
                0x08004d54                DMA2_Stream7_IRQHandler
                0x08004d54                TIM15_IRQHandler
                0x08004d54                PVD_AVD_IRQHandler
                0x08004d54                I2C3_EV_IRQHandler
                0x08004d54                EXTI9_5_IRQHandler
                0x08004d54                RTC_WKUP_IRQHandler
                0x08004d54                LTDC_IRQHandler
                0x08004d54                SAI3_IRQHandler
                0x08004d54                ETH_WKUP_IRQHandler
                0x08004d54                SPDIF_RX_IRQHandler
                0x08004d54                SPI2_IRQHandler
                0x08004d54                OTG_HS_EP1_IN_IRQHandler
                0x08004d54                CRS_IRQHandler
                0x08004d54                EXTI4_IRQHandler
                0x08004d54                RNG_IRQHandler
                0x08004d54                HRTIM1_TIMB_IRQHandler
                0x08004d54                FDCAN2_IT1_IRQHandler
                0x08004d54                ETH_IRQHandler
                0x08004d54                BDMA_Channel4_IRQHandler
                0x08004d54                OTG_HS_EP1_OUT_IRQHandler
                0x08004d54                WWDG_IRQHandler
                0x08004d54                SPI6_IRQHandler
                0x08004d54                MDIOS_IRQHandler
                0x08004d54                I2C4_EV_IRQHandler
                0x08004d54                FDCAN2_IT0_IRQHandler
                0x08004d54                LPUART1_IRQHandler
                0x08004d54                FDCAN1_IT0_IRQHandler
                0x08004d54                OTG_FS_WKUP_IRQHandler
                0x08004d54                OTG_HS_IRQHandler
                0x08004d54                DMA2D_IRQHandler
                0x08004d54                TIM1_BRK_IRQHandler
                0x08004d54                EXTI1_IRQHandler
                0x08004d54                SDMMC2_IRQHandler
                0x08004d54                OTG_FS_EP1_OUT_IRQHandler
                0x08004d54                BDMA_Channel3_IRQHandler
                0x08004d54                UART7_IRQHandler
                0x08004d54                MDIOS_WKUP_IRQHandler
                0x08004d54                DFSDM1_FLT0_IRQHandler
                0x08004d54                SAI4_IRQHandler
                0x08004d54                I2C2_ER_IRQHandler
                0x08004d54                DMA2_Stream1_IRQHandler
                0x08004d54                FLASH_IRQHandler
                0x08004d54                DMA2_Stream4_IRQHandler
                0x08004d54                OTG_FS_IRQHandler
                0x08004d54                SPI3_IRQHandler
                0x08004d54                WAKEUP_PIN_IRQHandler
                0x08004d54                OTG_FS_EP1_IN_IRQHandler
                0x08004d54                I2C1_ER_IRQHandler
                0x08004d54                FMC_IRQHandler
                0x08004d54                FDCAN_CAL_IRQHandler
                0x08004d54                SWPMI1_IRQHandler
                0x08004d54                COMP1_IRQHandler
                0x08004d54                LPTIM1_IRQHandler
                0x08004d54                I2C4_ER_IRQHandler
                0x08004d54                DMA2_Stream6_IRQHandler
                0x08004d54                SAI1_IRQHandler
 *fill*         0x08004d56        0x2 
 .text.HAL_Init
                0x08004d58       0x78 ./Drivers/STM32H7xx_HAL_Driver/Src/stm32h7xx_hal.o
                0x08004d58                HAL_Init
 .text.HAL_InitTick
                0x08004dd0       0x6c ./Drivers/STM32H7xx_HAL_Driver/Src/stm32h7xx_hal.o
                0x08004dd0                HAL_InitTick
 .text.HAL_IncTick
                0x08004e3c       0x28 ./Drivers/STM32H7xx_HAL_Driver/Src/stm32h7xx_hal.o
                0x08004e3c                HAL_IncTick
 .text.HAL_GetTick
                0x08004e64       0x18 ./Drivers/STM32H7xx_HAL_Driver/Src/stm32h7xx_hal.o
                0x08004e64                HAL_GetTick
 .text.HAL_Delay
                0x08004e7c       0x48 ./Drivers/STM32H7xx_HAL_Driver/Src/stm32h7xx_hal.o
                0x08004e7c                HAL_Delay
 .text.HAL_GetREVID
                0x08004ec4       0x18 ./Drivers/STM32H7xx_HAL_Driver/Src/stm32h7xx_hal.o
                0x08004ec4                HAL_GetREVID
 .text.LL_ADC_SetCommonClock
                0x08004edc       0x26 ./Drivers/STM32H7xx_HAL_Driver/Src/stm32h7xx_hal_adc.o
 .text.LL_ADC_SetCommonPathInternalCh
                0x08004f02       0x26 ./Drivers/STM32H7xx_HAL_Driver/Src/stm32h7xx_hal_adc.o
 .text.LL_ADC_GetCommonPathInternalCh
                0x08004f28       0x1c ./Drivers/STM32H7xx_HAL_Driver/Src/stm32h7xx_hal_adc.o
 .text.LL_ADC_SetOffset
                0x08004f44       0x40 ./Drivers/STM32H7xx_HAL_Driver/Src/stm32h7xx_hal_adc.o
 .text.LL_ADC_SetDataRightShift
                0x08004f84       0x32 ./Drivers/STM32H7xx_HAL_Driver/Src/stm32h7xx_hal_adc.o
 .text.LL_ADC_SetOffsetSignedSaturation
                0x08004fb6       0x36 ./Drivers/STM32H7xx_HAL_Driver/Src/stm32h7xx_hal_adc.o
 .text.LL_ADC_REG_IsTriggerSourceSWStart
                0x08004fec       0x26 ./Drivers/STM32H7xx_HAL_Driver/Src/stm32h7xx_hal_adc.o
 .text.LL_ADC_REG_SetSequencerRanks
                0x08005012       0x58 ./Drivers/STM32H7xx_HAL_Driver/Src/stm32h7xx_hal_adc.o
 .text.LL_ADC_REG_SetDataTransferMode
                0x0800506a       0x26 ./Drivers/STM32H7xx_HAL_Driver/Src/stm32h7xx_hal_adc.o
 .text.LL_ADC_SetChannelSamplingTime
                0x08005090       0x56 ./Drivers/STM32H7xx_HAL_Driver/Src/stm32h7xx_hal_adc.o
 *fill*         0x080050e6        0x2 
 .text.LL_ADC_SetChannelSingleDiff
                0x080050e8       0x48 ./Drivers/STM32H7xx_HAL_Driver/Src/stm32h7xx_hal_adc.o
 .text.LL_ADC_GetMultimode
                0x08005130       0x1c ./Drivers/STM32H7xx_HAL_Driver/Src/stm32h7xx_hal_adc.o
 .text.LL_ADC_DisableDeepPowerDown
                0x0800514c       0x24 ./Drivers/STM32H7xx_HAL_Driver/Src/stm32h7xx_hal_adc.o
 .text.LL_ADC_IsDeepPowerDownEnabled
                0x08005170       0x28 ./Drivers/STM32H7xx_HAL_Driver/Src/stm32h7xx_hal_adc.o
 .text.LL_ADC_EnableInternalRegulator
                0x08005198       0x28 ./Drivers/STM32H7xx_HAL_Driver/Src/stm32h7xx_hal_adc.o
 .text.LL_ADC_IsInternalRegulatorEnabled
                0x080051c0       0x28 ./Drivers/STM32H7xx_HAL_Driver/Src/stm32h7xx_hal_adc.o
 .text.LL_ADC_Enable
                0x080051e8       0x28 ./Drivers/STM32H7xx_HAL_Driver/Src/stm32h7xx_hal_adc.o
 .text.LL_ADC_Disable
                0x08005210       0x28 ./Drivers/STM32H7xx_HAL_Driver/Src/stm32h7xx_hal_adc.o
 .text.LL_ADC_IsEnabled
                0x08005238       0x26 ./Drivers/STM32H7xx_HAL_Driver/Src/stm32h7xx_hal_adc.o
 .text.LL_ADC_IsDisableOngoing
                0x0800525e       0x26 ./Drivers/STM32H7xx_HAL_Driver/Src/stm32h7xx_hal_adc.o
 .text.LL_ADC_REG_StartConversion
                0x08005284       0x28 ./Drivers/STM32H7xx_HAL_Driver/Src/stm32h7xx_hal_adc.o
 .text.LL_ADC_REG_IsConversionOngoing
                0x080052ac       0x26 ./Drivers/STM32H7xx_HAL_Driver/Src/stm32h7xx_hal_adc.o
 .text.LL_ADC_INJ_IsConversionOngoing
                0x080052d2       0x26 ./Drivers/STM32H7xx_HAL_Driver/Src/stm32h7xx_hal_adc.o
 .text.HAL_ADC_Init
                0x080052f8      0x344 ./Drivers/STM32H7xx_HAL_Driver/Src/stm32h7xx_hal_adc.o
                0x080052f8                HAL_ADC_Init
 .text.HAL_ADC_Start_DMA
                0x0800563c      0x188 ./Drivers/STM32H7xx_HAL_Driver/Src/stm32h7xx_hal_adc.o
                0x0800563c                HAL_ADC_Start_DMA
 .text.HAL_ADC_ConvHalfCpltCallback
                0x080057c4       0x14 ./Drivers/STM32H7xx_HAL_Driver/Src/stm32h7xx_hal_adc.o
                0x080057c4                HAL_ADC_ConvHalfCpltCallback
 .text.HAL_ADC_ErrorCallback
                0x080057d8       0x14 ./Drivers/STM32H7xx_HAL_Driver/Src/stm32h7xx_hal_adc.o
                0x080057d8                HAL_ADC_ErrorCallback
 .text.HAL_ADC_ConfigChannel
                0x080057ec      0x6b8 ./Drivers/STM32H7xx_HAL_Driver/Src/stm32h7xx_hal_adc.o
                0x080057ec                HAL_ADC_ConfigChannel
 .text.ADC_Enable
                0x08005ea4      0x114 ./Drivers/STM32H7xx_HAL_Driver/Src/stm32h7xx_hal_adc.o
                0x08005ea4                ADC_Enable
 .text.ADC_Disable
                0x08005fb8       0xbe ./Drivers/STM32H7xx_HAL_Driver/Src/stm32h7xx_hal_adc.o
                0x08005fb8                ADC_Disable
 .text.ADC_DMAConvCplt
                0x08006076       0xd8 ./Drivers/STM32H7xx_HAL_Driver/Src/stm32h7xx_hal_adc.o
                0x08006076                ADC_DMAConvCplt
 .text.ADC_DMAHalfConvCplt
                0x0800614e       0x1c ./Drivers/STM32H7xx_HAL_Driver/Src/stm32h7xx_hal_adc.o
                0x0800614e                ADC_DMAHalfConvCplt
 .text.ADC_DMAError
                0x0800616a       0x34 ./Drivers/STM32H7xx_HAL_Driver/Src/stm32h7xx_hal_adc.o
                0x0800616a                ADC_DMAError
 *fill*         0x0800619e        0x2 
 .text.ADC_ConfigureBoostMode
                0x080061a0      0x218 ./Drivers/STM32H7xx_HAL_Driver/Src/stm32h7xx_hal_adc.o
                0x080061a0                ADC_ConfigureBoostMode
 .text.LL_ADC_IsEnabled
                0x080063b8       0x26 ./Drivers/STM32H7xx_HAL_Driver/Src/stm32h7xx_hal_adc_ex.o
 *fill*         0x080063de        0x2 
 .text.LL_ADC_StartCalibration
                0x080063e0       0x3c ./Drivers/STM32H7xx_HAL_Driver/Src/stm32h7xx_hal_adc_ex.o
 .text.LL_ADC_IsCalibrationOnGoing
                0x0800641c       0x28 ./Drivers/STM32H7xx_HAL_Driver/Src/stm32h7xx_hal_adc_ex.o
 .text.LL_ADC_REG_StartConversion
                0x08006444       0x28 ./Drivers/STM32H7xx_HAL_Driver/Src/stm32h7xx_hal_adc_ex.o
 .text.LL_ADC_REG_IsConversionOngoing
                0x0800646c       0x26 ./Drivers/STM32H7xx_HAL_Driver/Src/stm32h7xx_hal_adc_ex.o
 *fill*         0x08006492        0x2 
 .text.HAL_ADCEx_Calibration_Start
                0x08006494       0xc8 ./Drivers/STM32H7xx_HAL_Driver/Src/stm32h7xx_hal_adc_ex.o
                0x08006494                HAL_ADCEx_Calibration_Start
 .text.HAL_ADCEx_MultiModeStart_DMA
                0x0800655c      0x1bc ./Drivers/STM32H7xx_HAL_Driver/Src/stm32h7xx_hal_adc_ex.o
                0x0800655c                HAL_ADCEx_MultiModeStart_DMA
 .text.HAL_ADCEx_MultiModeConfigChannel
                0x08006718      0x1bc ./Drivers/STM32H7xx_HAL_Driver/Src/stm32h7xx_hal_adc_ex.o
                0x08006718                HAL_ADCEx_MultiModeConfigChannel
 .text.__NVIC_SetPriorityGrouping
                0x080068d4       0x48 ./Drivers/STM32H7xx_HAL_Driver/Src/stm32h7xx_hal_cortex.o
 .text.__NVIC_GetPriorityGrouping
                0x0800691c       0x1c ./Drivers/STM32H7xx_HAL_Driver/Src/stm32h7xx_hal_cortex.o
 .text.__NVIC_EnableIRQ
                0x08006938       0x3c ./Drivers/STM32H7xx_HAL_Driver/Src/stm32h7xx_hal_cortex.o
 .text.__NVIC_SetPriority
                0x08006974       0x54 ./Drivers/STM32H7xx_HAL_Driver/Src/stm32h7xx_hal_cortex.o
 .text.NVIC_EncodePriority
                0x080069c8       0x66 ./Drivers/STM32H7xx_HAL_Driver/Src/stm32h7xx_hal_cortex.o
 *fill*         0x08006a2e        0x2 
 .text.SysTick_Config
                0x08006a30       0x44 ./Drivers/STM32H7xx_HAL_Driver/Src/stm32h7xx_hal_cortex.o
 .text.HAL_NVIC_SetPriorityGrouping
                0x08006a74       0x16 ./Drivers/STM32H7xx_HAL_Driver/Src/stm32h7xx_hal_cortex.o
                0x08006a74                HAL_NVIC_SetPriorityGrouping
 .text.HAL_NVIC_SetPriority
                0x08006a8a       0x34 ./Drivers/STM32H7xx_HAL_Driver/Src/stm32h7xx_hal_cortex.o
                0x08006a8a                HAL_NVIC_SetPriority
 .text.HAL_NVIC_EnableIRQ
                0x08006abe       0x1c ./Drivers/STM32H7xx_HAL_Driver/Src/stm32h7xx_hal_cortex.o
                0x08006abe                HAL_NVIC_EnableIRQ
 .text.HAL_SYSTICK_Config
                0x08006ada       0x18 ./Drivers/STM32H7xx_HAL_Driver/Src/stm32h7xx_hal_cortex.o
                0x08006ada                HAL_SYSTICK_Config
 *fill*         0x08006af2        0x2 
 .text.HAL_DMA_Init
                0x08006af4      0x6b8 ./Drivers/STM32H7xx_HAL_Driver/Src/stm32h7xx_hal_dma.o
                0x08006af4                HAL_DMA_Init
 .text.HAL_DMA_Start_IT
                0x080071ac      0x4d4 ./Drivers/STM32H7xx_HAL_Driver/Src/stm32h7xx_hal_dma.o
                0x080071ac                HAL_DMA_Start_IT
 .text.HAL_DMA_Abort
                0x08007680      0x63c ./Drivers/STM32H7xx_HAL_Driver/Src/stm32h7xx_hal_dma.o
                0x08007680                HAL_DMA_Abort
 .text.HAL_DMA_Abort_IT
                0x08007cbc      0x48c ./Drivers/STM32H7xx_HAL_Driver/Src/stm32h7xx_hal_dma.o
                0x08007cbc                HAL_DMA_Abort_IT
 .text.HAL_DMA_IRQHandler
                0x08008148      0xe54 ./Drivers/STM32H7xx_HAL_Driver/Src/stm32h7xx_hal_dma.o
                0x08008148                HAL_DMA_IRQHandler
 .text.HAL_DMA_GetError
                0x08008f9c       0x18 ./Drivers/STM32H7xx_HAL_Driver/Src/stm32h7xx_hal_dma.o
                0x08008f9c                HAL_DMA_GetError
 .text.DMA_SetConfig
                0x08008fb4      0x358 ./Drivers/STM32H7xx_HAL_Driver/Src/stm32h7xx_hal_dma.o
 .text.DMA_CalcBaseAndBitshift
                0x0800930c      0x164 ./Drivers/STM32H7xx_HAL_Driver/Src/stm32h7xx_hal_dma.o
 .text.DMA_CheckFifoParam
                0x08009470       0xf8 ./Drivers/STM32H7xx_HAL_Driver/Src/stm32h7xx_hal_dma.o
 .text.DMA_CalcDMAMUXChannelBaseAndMask
                0x08009568      0x134 ./Drivers/STM32H7xx_HAL_Driver/Src/stm32h7xx_hal_dma.o
 .text.DMA_CalcDMAMUXRequestGenBaseAndMask
                0x0800969c       0xe8 ./Drivers/STM32H7xx_HAL_Driver/Src/stm32h7xx_hal_dma.o
 .text.HAL_GPIO_Init
                0x08009784      0x360 ./Drivers/STM32H7xx_HAL_Driver/Src/stm32h7xx_hal_gpio.o
                0x08009784                HAL_GPIO_Init
 .text.HAL_GPIO_ReadPin
                0x08009ae4       0x30 ./Drivers/STM32H7xx_HAL_Driver/Src/stm32h7xx_hal_gpio.o
                0x08009ae4                HAL_GPIO_ReadPin
 .text.HAL_GPIO_WritePin
                0x08009b14       0x32 ./Drivers/STM32H7xx_HAL_Driver/Src/stm32h7xx_hal_gpio.o
                0x08009b14                HAL_GPIO_WritePin
 .text.HAL_GPIO_TogglePin
                0x08009b46       0x34 ./Drivers/STM32H7xx_HAL_Driver/Src/stm32h7xx_hal_gpio.o
                0x08009b46                HAL_GPIO_TogglePin
 *fill*         0x08009b7a        0x2 
 .text.HAL_PWREx_ConfigSupply
                0x08009b7c       0x74 ./Drivers/STM32H7xx_HAL_Driver/Src/stm32h7xx_hal_pwr_ex.o
                0x08009b7c                HAL_PWREx_ConfigSupply
 .text.HAL_RCC_OscConfig
                0x08009bf0      0x8b4 ./Drivers/STM32H7xx_HAL_Driver/Src/stm32h7xx_hal_rcc.o
                0x08009bf0                HAL_RCC_OscConfig
 .text.HAL_RCC_ClockConfig
                0x0800a4a4      0x36c ./Drivers/STM32H7xx_HAL_Driver/Src/stm32h7xx_hal_rcc.o
                0x0800a4a4                HAL_RCC_ClockConfig
 .text.HAL_RCC_GetSysClockFreq
                0x0800a810      0x2f4 ./Drivers/STM32H7xx_HAL_Driver/Src/stm32h7xx_hal_rcc.o
                0x0800a810                HAL_RCC_GetSysClockFreq
 .text.HAL_RCC_GetHCLKFreq
                0x0800ab04       0x60 ./Drivers/STM32H7xx_HAL_Driver/Src/stm32h7xx_hal_rcc.o
                0x0800ab04                HAL_RCC_GetHCLKFreq
 .text.HAL_RCC_GetPCLK1Freq
                0x0800ab64       0x2c ./Drivers/STM32H7xx_HAL_Driver/Src/stm32h7xx_hal_rcc.o
                0x0800ab64                HAL_RCC_GetPCLK1Freq
 .text.HAL_RCC_GetPCLK2Freq
                0x0800ab90       0x2c ./Drivers/STM32H7xx_HAL_Driver/Src/stm32h7xx_hal_rcc.o
                0x0800ab90                HAL_RCC_GetPCLK2Freq
 .text.HAL_RCCEx_PeriphCLKConfig
                0x0800abbc     0x1414 ./Drivers/STM32H7xx_HAL_Driver/Src/stm32h7xx_hal_rcc_ex.o
                0x0800abbc                HAL_RCCEx_PeriphCLKConfig
 .text.HAL_RCCEx_GetPeriphCLKFreq
                0x0800bfd0      0xb00 ./Drivers/STM32H7xx_HAL_Driver/Src/stm32h7xx_hal_rcc_ex.o
                0x0800bfd0                HAL_RCCEx_GetPeriphCLKFreq
 .text.HAL_RCCEx_GetD3PCLK1Freq
                0x0800cad0       0x2c ./Drivers/STM32H7xx_HAL_Driver/Src/stm32h7xx_hal_rcc_ex.o
                0x0800cad0                HAL_RCCEx_GetD3PCLK1Freq
 .text.HAL_RCCEx_GetPLL2ClockFreq
                0x0800cafc      0x2a8 ./Drivers/STM32H7xx_HAL_Driver/Src/stm32h7xx_hal_rcc_ex.o
                0x0800cafc                HAL_RCCEx_GetPLL2ClockFreq
 .text.HAL_RCCEx_GetPLL3ClockFreq
                0x0800cda4      0x2a8 ./Drivers/STM32H7xx_HAL_Driver/Src/stm32h7xx_hal_rcc_ex.o
                0x0800cda4                HAL_RCCEx_GetPLL3ClockFreq
 .text.HAL_RCCEx_GetPLL1ClockFreq
                0x0800d04c      0x2a4 ./Drivers/STM32H7xx_HAL_Driver/Src/stm32h7xx_hal_rcc_ex.o
                0x0800d04c                HAL_RCCEx_GetPLL1ClockFreq
 .text.RCCEx_PLL2_Config
                0x0800d2f0      0x164 ./Drivers/STM32H7xx_HAL_Driver/Src/stm32h7xx_hal_rcc_ex.o
 .text.RCCEx_PLL3_Config
                0x0800d454      0x164 ./Drivers/STM32H7xx_HAL_Driver/Src/stm32h7xx_hal_rcc_ex.o
 .text.HAL_TIM_Base_Init
                0x0800d5b8       0xae ./Drivers/STM32H7xx_HAL_Driver/Src/stm32h7xx_hal_tim.o
                0x0800d5b8                HAL_TIM_Base_Init
 *fill*         0x0800d666        0x2 
 .text.HAL_TIM_Base_Start_IT
                0x0800d668       0xf0 ./Drivers/STM32H7xx_HAL_Driver/Src/stm32h7xx_hal_tim.o
                0x0800d668                HAL_TIM_Base_Start_IT
 .text.HAL_TIM_PWM_Init
                0x0800d758       0xae ./Drivers/STM32H7xx_HAL_Driver/Src/stm32h7xx_hal_tim.o
                0x0800d758                HAL_TIM_PWM_Init
 *fill*         0x0800d806        0x2 
 .text.HAL_TIM_PWM_Start
                0x0800d808      0x21c ./Drivers/STM32H7xx_HAL_Driver/Src/stm32h7xx_hal_tim.o
                0x0800d808                HAL_TIM_PWM_Start
 .text.HAL_TIM_Encoder_Init
                0x0800da24      0x14c ./Drivers/STM32H7xx_HAL_Driver/Src/stm32h7xx_hal_tim.o
                0x0800da24                HAL_TIM_Encoder_Init
 .text.HAL_TIM_Encoder_Start
                0x0800db70      0x11c ./Drivers/STM32H7xx_HAL_Driver/Src/stm32h7xx_hal_tim.o
                0x0800db70                HAL_TIM_Encoder_Start
 .text.HAL_TIM_IRQHandler
                0x0800dc8c      0x20e ./Drivers/STM32H7xx_HAL_Driver/Src/stm32h7xx_hal_tim.o
                0x0800dc8c                HAL_TIM_IRQHandler
 *fill*         0x0800de9a        0x2 
 .text.HAL_TIM_PWM_ConfigChannel
                0x0800de9c      0x228 ./Drivers/STM32H7xx_HAL_Driver/Src/stm32h7xx_hal_tim.o
                0x0800de9c                HAL_TIM_PWM_ConfigChannel
 .text.HAL_TIM_OC_DelayElapsedCallback
                0x0800e0c4       0x14 ./Drivers/STM32H7xx_HAL_Driver/Src/stm32h7xx_hal_tim.o
                0x0800e0c4                HAL_TIM_OC_DelayElapsedCallback
 .text.HAL_TIM_IC_CaptureCallback
                0x0800e0d8       0x14 ./Drivers/STM32H7xx_HAL_Driver/Src/stm32h7xx_hal_tim.o
                0x0800e0d8                HAL_TIM_IC_CaptureCallback
 .text.HAL_TIM_PWM_PulseFinishedCallback
                0x0800e0ec       0x14 ./Drivers/STM32H7xx_HAL_Driver/Src/stm32h7xx_hal_tim.o
                0x0800e0ec                HAL_TIM_PWM_PulseFinishedCallback
 .text.HAL_TIM_TriggerCallback
                0x0800e100       0x14 ./Drivers/STM32H7xx_HAL_Driver/Src/stm32h7xx_hal_tim.o
                0x0800e100                HAL_TIM_TriggerCallback
 .text.TIM_Base_SetConfig
                0x0800e114      0x14c ./Drivers/STM32H7xx_HAL_Driver/Src/stm32h7xx_hal_tim.o
                0x0800e114                TIM_Base_SetConfig
 .text.TIM_OC1_SetConfig
                0x0800e260      0x120 ./Drivers/STM32H7xx_HAL_Driver/Src/stm32h7xx_hal_tim.o
 .text.TIM_OC2_SetConfig
                0x0800e380      0x114 ./Drivers/STM32H7xx_HAL_Driver/Src/stm32h7xx_hal_tim.o
                0x0800e380                TIM_OC2_SetConfig
 .text.TIM_OC3_SetConfig
                0x0800e494      0x110 ./Drivers/STM32H7xx_HAL_Driver/Src/stm32h7xx_hal_tim.o
 .text.TIM_OC4_SetConfig
                0x0800e5a4       0xd4 ./Drivers/STM32H7xx_HAL_Driver/Src/stm32h7xx_hal_tim.o
 .text.TIM_OC5_SetConfig
                0x0800e678       0xc8 ./Drivers/STM32H7xx_HAL_Driver/Src/stm32h7xx_hal_tim.o
 .text.TIM_OC6_SetConfig
                0x0800e740       0xcc ./Drivers/STM32H7xx_HAL_Driver/Src/stm32h7xx_hal_tim.o
 .text.TIM_CCxChannelCmd
                0x0800e80c       0x4a ./Drivers/STM32H7xx_HAL_Driver/Src/stm32h7xx_hal_tim.o
                0x0800e80c                TIM_CCxChannelCmd
 *fill*         0x0800e856        0x2 
 .text.HAL_TIMEx_MasterConfigSynchronization
                0x0800e858      0x11c ./Drivers/STM32H7xx_HAL_Driver/Src/stm32h7xx_hal_tim_ex.o
                0x0800e858                HAL_TIMEx_MasterConfigSynchronization
 .text.HAL_TIMEx_ConfigBreakDeadTime
                0x0800e974       0xfc ./Drivers/STM32H7xx_HAL_Driver/Src/stm32h7xx_hal_tim_ex.o
                0x0800e974                HAL_TIMEx_ConfigBreakDeadTime
 .text.HAL_TIMEx_CommutCallback
                0x0800ea70       0x14 ./Drivers/STM32H7xx_HAL_Driver/Src/stm32h7xx_hal_tim_ex.o
                0x0800ea70                HAL_TIMEx_CommutCallback
 .text.HAL_TIMEx_BreakCallback
                0x0800ea84       0x14 ./Drivers/STM32H7xx_HAL_Driver/Src/stm32h7xx_hal_tim_ex.o
                0x0800ea84                HAL_TIMEx_BreakCallback
 .text.HAL_TIMEx_Break2Callback
                0x0800ea98       0x14 ./Drivers/STM32H7xx_HAL_Driver/Src/stm32h7xx_hal_tim_ex.o
                0x0800ea98                HAL_TIMEx_Break2Callback
 .text.HAL_UART_Init
                0x0800eaac       0xa0 ./Drivers/STM32H7xx_HAL_Driver/Src/stm32h7xx_hal_uart.o
                0x0800eaac                HAL_UART_Init
 .text.HAL_UART_Transmit_DMA
                0x0800eb4c      0x100 ./Drivers/STM32H7xx_HAL_Driver/Src/stm32h7xx_hal_uart.o
                0x0800eb4c                HAL_UART_Transmit_DMA
 .text.HAL_UART_DMAStop
                0x0800ec4c      0x12c ./Drivers/STM32H7xx_HAL_Driver/Src/stm32h7xx_hal_uart.o
                0x0800ec4c                HAL_UART_DMAStop
 .text.HAL_UART_AbortReceive
                0x0800ed78      0x16c ./Drivers/STM32H7xx_HAL_Driver/Src/stm32h7xx_hal_uart.o
                0x0800ed78                HAL_UART_AbortReceive
 .text.HAL_UART_IRQHandler
                0x0800eee4      0x774 ./Drivers/STM32H7xx_HAL_Driver/Src/stm32h7xx_hal_uart.o
                0x0800eee4                HAL_UART_IRQHandler
 .text.HAL_UART_TxCpltCallback
                0x0800f658       0x14 ./Drivers/STM32H7xx_HAL_Driver/Src/stm32h7xx_hal_uart.o
                0x0800f658                HAL_UART_TxCpltCallback
 .text.HAL_UART_TxHalfCpltCallback
                0x0800f66c       0x14 ./Drivers/STM32H7xx_HAL_Driver/Src/stm32h7xx_hal_uart.o
                0x0800f66c                HAL_UART_TxHalfCpltCallback
 .text.HAL_UART_RxCpltCallback
                0x0800f680       0x14 ./Drivers/STM32H7xx_HAL_Driver/Src/stm32h7xx_hal_uart.o
                0x0800f680                HAL_UART_RxCpltCallback
 .text.HAL_UART_RxHalfCpltCallback
                0x0800f694       0x14 ./Drivers/STM32H7xx_HAL_Driver/Src/stm32h7xx_hal_uart.o
                0x0800f694                HAL_UART_RxHalfCpltCallback
 .text.UART_SetConfig
                0x0800f6a8      0xad0 ./Drivers/STM32H7xx_HAL_Driver/Src/stm32h7xx_hal_uart.o
                0x0800f6a8                UART_SetConfig
 .text.UART_AdvFeatureConfig
                0x08010178      0x144 ./Drivers/STM32H7xx_HAL_Driver/Src/stm32h7xx_hal_uart.o
                0x08010178                UART_AdvFeatureConfig
 .text.UART_CheckIdleState
                0x080102bc      0x154 ./Drivers/STM32H7xx_HAL_Driver/Src/stm32h7xx_hal_uart.o
                0x080102bc                UART_CheckIdleState
 .text.UART_WaitOnFlagUntilTimeout
                0x08010410       0xda ./Drivers/STM32H7xx_HAL_Driver/Src/stm32h7xx_hal_uart.o
                0x08010410                UART_WaitOnFlagUntilTimeout
 *fill*         0x080104ea        0x2 
 .text.UART_Start_Receive_DMA
                0x080104ec      0x14c ./Drivers/STM32H7xx_HAL_Driver/Src/stm32h7xx_hal_uart.o
                0x080104ec                UART_Start_Receive_DMA
 .text.UART_EndTxTransfer
                0x08010638       0x82 ./Drivers/STM32H7xx_HAL_Driver/Src/stm32h7xx_hal_uart.o
 *fill*         0x080106ba        0x2 
 .text.UART_EndRxTransfer
                0x080106bc       0xcc ./Drivers/STM32H7xx_HAL_Driver/Src/stm32h7xx_hal_uart.o
 .text.UART_DMATransmitCplt
                0x08010788       0x96 ./Drivers/STM32H7xx_HAL_Driver/Src/stm32h7xx_hal_uart.o
 .text.UART_DMATxHalfCplt
                0x0801081e       0x1c ./Drivers/STM32H7xx_HAL_Driver/Src/stm32h7xx_hal_uart.o
 .text.UART_DMAReceiveCplt
                0x0801083a      0x128 ./Drivers/STM32H7xx_HAL_Driver/Src/stm32h7xx_hal_uart.o
 .text.UART_DMARxHalfCplt
                0x08010962       0x3e ./Drivers/STM32H7xx_HAL_Driver/Src/stm32h7xx_hal_uart.o
 .text.UART_DMAError
                0x080109a0       0x80 ./Drivers/STM32H7xx_HAL_Driver/Src/stm32h7xx_hal_uart.o
 .text.UART_DMAAbortOnError
                0x08010a20       0x2c ./Drivers/STM32H7xx_HAL_Driver/Src/stm32h7xx_hal_uart.o
 .text.UART_EndTransmit_IT
                0x08010a4c       0x56 ./Drivers/STM32H7xx_HAL_Driver/Src/stm32h7xx_hal_uart.o
 .text.HAL_UARTEx_WakeupCallback
                0x08010aa2       0x14 ./Drivers/STM32H7xx_HAL_Driver/Src/stm32h7xx_hal_uart_ex.o
                0x08010aa2                HAL_UARTEx_WakeupCallback
 .text.HAL_UARTEx_RxFifoFullCallback
                0x08010ab6       0x14 ./Drivers/STM32H7xx_HAL_Driver/Src/stm32h7xx_hal_uart_ex.o
                0x08010ab6                HAL_UARTEx_RxFifoFullCallback
 .text.HAL_UARTEx_TxFifoEmptyCallback
                0x08010aca       0x14 ./Drivers/STM32H7xx_HAL_Driver/Src/stm32h7xx_hal_uart_ex.o
                0x08010aca                HAL_UARTEx_TxFifoEmptyCallback
 .text.HAL_UARTEx_DisableFifoMode
                0x08010ade       0x72 ./Drivers/STM32H7xx_HAL_Driver/Src/stm32h7xx_hal_uart_ex.o
                0x08010ade                HAL_UARTEx_DisableFifoMode
 .text.HAL_UARTEx_SetTxFifoThreshold
                0x08010b50       0x7c ./Drivers/STM32H7xx_HAL_Driver/Src/stm32h7xx_hal_uart_ex.o
                0x08010b50                HAL_UARTEx_SetTxFifoThreshold
 .text.HAL_UARTEx_SetRxFifoThreshold
                0x08010bcc       0x7c ./Drivers/STM32H7xx_HAL_Driver/Src/stm32h7xx_hal_uart_ex.o
                0x08010bcc                HAL_UARTEx_SetRxFifoThreshold
 .text.HAL_UARTEx_ReceiveToIdle_DMA
                0x08010c48       0xa8 ./Drivers/STM32H7xx_HAL_Driver/Src/stm32h7xx_hal_uart_ex.o
                0x08010c48                HAL_UARTEx_ReceiveToIdle_DMA
 .text.UARTEx_SetNbDataToProcess
                0x08010cf0       0x9c ./Drivers/STM32H7xx_HAL_Driver/Src/stm32h7xx_hal_uart_ex.o
 .text.std      0x08010d8c       0x6c D:/Program/STM32/STM32CubeIDE_1.19.0/STM32CubeIDE/plugins/com.st.stm32cube.ide.mcu.externaltools.gnu-tools-for-stm32.13.3.rel1.win32_1.0.0.202411081344/tools/bin/../lib/gcc/arm-none-eabi/13.3.1/../../../../arm-none-eabi/lib/thumb/v7e-m+dp/hard\libc.a(libc_a-findfp.o)
 .text.stdio_exit_handler
                0x08010df8       0x18 D:/Program/STM32/STM32CubeIDE_1.19.0/STM32CubeIDE/plugins/com.st.stm32cube.ide.mcu.externaltools.gnu-tools-for-stm32.13.3.rel1.win32_1.0.0.202411081344/tools/bin/../lib/gcc/arm-none-eabi/13.3.1/../../../../arm-none-eabi/lib/thumb/v7e-m+dp/hard\libc.a(libc_a-findfp.o)
 .text.cleanup_stdio
                0x08010e10       0x40 D:/Program/STM32/STM32CubeIDE_1.19.0/STM32CubeIDE/plugins/com.st.stm32cube.ide.mcu.externaltools.gnu-tools-for-stm32.13.3.rel1.win32_1.0.0.202411081344/tools/bin/../lib/gcc/arm-none-eabi/13.3.1/../../../../arm-none-eabi/lib/thumb/v7e-m+dp/hard\libc.a(libc_a-findfp.o)
 .text.global_stdio_init.part.0
                0x08010e50       0x3c D:/Program/STM32/STM32CubeIDE_1.19.0/STM32CubeIDE/plugins/com.st.stm32cube.ide.mcu.externaltools.gnu-tools-for-stm32.13.3.rel1.win32_1.0.0.202411081344/tools/bin/../lib/gcc/arm-none-eabi/13.3.1/../../../../arm-none-eabi/lib/thumb/v7e-m+dp/hard\libc.a(libc_a-findfp.o)
 .text.__sfp_lock_acquire
                0x08010e8c        0xc D:/Program/STM32/STM32CubeIDE_1.19.0/STM32CubeIDE/plugins/com.st.stm32cube.ide.mcu.externaltools.gnu-tools-for-stm32.13.3.rel1.win32_1.0.0.202411081344/tools/bin/../lib/gcc/arm-none-eabi/13.3.1/../../../../arm-none-eabi/lib/thumb/v7e-m+dp/hard\libc.a(libc_a-findfp.o)
                0x08010e8c                __sfp_lock_acquire
 .text.__sfp_lock_release
                0x08010e98        0xc D:/Program/STM32/STM32CubeIDE_1.19.0/STM32CubeIDE/plugins/com.st.stm32cube.ide.mcu.externaltools.gnu-tools-for-stm32.13.3.rel1.win32_1.0.0.202411081344/tools/bin/../lib/gcc/arm-none-eabi/13.3.1/../../../../arm-none-eabi/lib/thumb/v7e-m+dp/hard\libc.a(libc_a-findfp.o)
                0x08010e98                __sfp_lock_release
 .text.__sinit  0x08010ea4       0x30 D:/Program/STM32/STM32CubeIDE_1.19.0/STM32CubeIDE/plugins/com.st.stm32cube.ide.mcu.externaltools.gnu-tools-for-stm32.13.3.rel1.win32_1.0.0.202411081344/tools/bin/../lib/gcc/arm-none-eabi/13.3.1/../../../../arm-none-eabi/lib/thumb/v7e-m+dp/hard\libc.a(libc_a-findfp.o)
                0x08010ea4                __sinit
 .text._fwalk_sglue
                0x08010ed4       0x3c D:/Program/STM32/STM32CubeIDE_1.19.0/STM32CubeIDE/plugins/com.st.stm32cube.ide.mcu.externaltools.gnu-tools-for-stm32.13.3.rel1.win32_1.0.0.202411081344/tools/bin/../lib/gcc/arm-none-eabi/13.3.1/../../../../arm-none-eabi/lib/thumb/v7e-m+dp/hard\libc.a(libc_a-fwalk.o)
                0x08010ed4                _fwalk_sglue
 .text.__sread  0x08010f10       0x22 D:/Program/STM32/STM32CubeIDE_1.19.0/STM32CubeIDE/plugins/com.st.stm32cube.ide.mcu.externaltools.gnu-tools-for-stm32.13.3.rel1.win32_1.0.0.202411081344/tools/bin/../lib/gcc/arm-none-eabi/13.3.1/../../../../arm-none-eabi/lib/thumb/v7e-m+dp/hard\libc.a(libc_a-stdio.o)
                0x08010f10                __sread
 .text.__swrite
                0x08010f32       0x38 D:/Program/STM32/STM32CubeIDE_1.19.0/STM32CubeIDE/plugins/com.st.stm32cube.ide.mcu.externaltools.gnu-tools-for-stm32.13.3.rel1.win32_1.0.0.202411081344/tools/bin/../lib/gcc/arm-none-eabi/13.3.1/../../../../arm-none-eabi/lib/thumb/v7e-m+dp/hard\libc.a(libc_a-stdio.o)
                0x08010f32                __swrite
 .text.__sseek  0x08010f6a       0x24 D:/Program/STM32/STM32CubeIDE_1.19.0/STM32CubeIDE/plugins/com.st.stm32cube.ide.mcu.externaltools.gnu-tools-for-stm32.13.3.rel1.win32_1.0.0.202411081344/tools/bin/../lib/gcc/arm-none-eabi/13.3.1/../../../../arm-none-eabi/lib/thumb/v7e-m+dp/hard\libc.a(libc_a-stdio.o)
                0x08010f6a                __sseek
 .text.__sclose
                0x08010f8e        0x8 D:/Program/STM32/STM32CubeIDE_1.19.0/STM32CubeIDE/plugins/com.st.stm32cube.ide.mcu.externaltools.gnu-tools-for-stm32.13.3.rel1.win32_1.0.0.202411081344/tools/bin/../lib/gcc/arm-none-eabi/13.3.1/../../../../arm-none-eabi/lib/thumb/v7e-m+dp/hard\libc.a(libc_a-stdio.o)
                0x08010f8e                __sclose
 .text._vsnprintf_r
                0x08010f96       0x5c D:/Program/STM32/STM32CubeIDE_1.19.0/STM32CubeIDE/plugins/com.st.stm32cube.ide.mcu.externaltools.gnu-tools-for-stm32.13.3.rel1.win32_1.0.0.202411081344/tools/bin/../lib/gcc/arm-none-eabi/13.3.1/../../../../arm-none-eabi/lib/thumb/v7e-m+dp/hard\libc.a(libc_a-vsnprintf.o)
                0x08010f96                _vsnprintf_r
 *fill*         0x08010ff2        0x2 
 .text.vsnprintf
                0x08010ff4       0x1c D:/Program/STM32/STM32CubeIDE_1.19.0/STM32CubeIDE/plugins/com.st.stm32cube.ide.mcu.externaltools.gnu-tools-for-stm32.13.3.rel1.win32_1.0.0.202411081344/tools/bin/../lib/gcc/arm-none-eabi/13.3.1/../../../../arm-none-eabi/lib/thumb/v7e-m+dp/hard\libc.a(libc_a-vsnprintf.o)
                0x08010ff4                vsnprintf
 .text.memset   0x08011010       0x10 D:/Program/STM32/STM32CubeIDE_1.19.0/STM32CubeIDE/plugins/com.st.stm32cube.ide.mcu.externaltools.gnu-tools-for-stm32.13.3.rel1.win32_1.0.0.202411081344/tools/bin/../lib/gcc/arm-none-eabi/13.3.1/../../../../arm-none-eabi/lib/thumb/v7e-m+dp/hard\libc.a(libc_a-memset.o)
                0x08011010                memset
 .text._close_r
                0x08011020       0x20 D:/Program/STM32/STM32CubeIDE_1.19.0/STM32CubeIDE/plugins/com.st.stm32cube.ide.mcu.externaltools.gnu-tools-for-stm32.13.3.rel1.win32_1.0.0.202411081344/tools/bin/../lib/gcc/arm-none-eabi/13.3.1/../../../../arm-none-eabi/lib/thumb/v7e-m+dp/hard\libc.a(libc_a-closer.o)
                0x08011020                _close_r
 .text._lseek_r
                0x08011040       0x24 D:/Program/STM32/STM32CubeIDE_1.19.0/STM32CubeIDE/plugins/com.st.stm32cube.ide.mcu.externaltools.gnu-tools-for-stm32.13.3.rel1.win32_1.0.0.202411081344/tools/bin/../lib/gcc/arm-none-eabi/13.3.1/../../../../arm-none-eabi/lib/thumb/v7e-m+dp/hard\libc.a(libc_a-lseekr.o)
                0x08011040                _lseek_r
 .text._read_r  0x08011064       0x24 D:/Program/STM32/STM32CubeIDE_1.19.0/STM32CubeIDE/plugins/com.st.stm32cube.ide.mcu.externaltools.gnu-tools-for-stm32.13.3.rel1.win32_1.0.0.202411081344/tools/bin/../lib/gcc/arm-none-eabi/13.3.1/../../../../arm-none-eabi/lib/thumb/v7e-m+dp/hard\libc.a(libc_a-readr.o)
                0x08011064                _read_r
 .text._write_r
                0x08011088       0x24 D:/Program/STM32/STM32CubeIDE_1.19.0/STM32CubeIDE/plugins/com.st.stm32cube.ide.mcu.externaltools.gnu-tools-for-stm32.13.3.rel1.win32_1.0.0.202411081344/tools/bin/../lib/gcc/arm-none-eabi/13.3.1/../../../../arm-none-eabi/lib/thumb/v7e-m+dp/hard\libc.a(libc_a-writer.o)
                0x08011088                _write_r
 .text.__errno  0x080110ac        0xc D:/Program/STM32/STM32CubeIDE_1.19.0/STM32CubeIDE/plugins/com.st.stm32cube.ide.mcu.externaltools.gnu-tools-for-stm32.13.3.rel1.win32_1.0.0.202411081344/tools/bin/../lib/gcc/arm-none-eabi/13.3.1/../../../../arm-none-eabi/lib/thumb/v7e-m+dp/hard\libc.a(libc_a-errno.o)
                0x080110ac                __errno
 .text.__libc_init_array
                0x080110b8       0x48 D:/Program/STM32/STM32CubeIDE_1.19.0/STM32CubeIDE/plugins/com.st.stm32cube.ide.mcu.externaltools.gnu-tools-for-stm32.13.3.rel1.win32_1.0.0.202411081344/tools/bin/../lib/gcc/arm-none-eabi/13.3.1/../../../../arm-none-eabi/lib/thumb/v7e-m+dp/hard\libc.a(libc_a-init.o)
                0x080110b8                __libc_init_array
 .text.__retarget_lock_init_recursive
                0x08011100        0x2 D:/Program/STM32/STM32CubeIDE_1.19.0/STM32CubeIDE/plugins/com.st.stm32cube.ide.mcu.externaltools.gnu-tools-for-stm32.13.3.rel1.win32_1.0.0.202411081344/tools/bin/../lib/gcc/arm-none-eabi/13.3.1/../../../../arm-none-eabi/lib/thumb/v7e-m+dp/hard\libc.a(libc_a-lock.o)
                0x08011100                __retarget_lock_init_recursive
 .text.__retarget_lock_close_recursive
                0x08011102        0x2 D:/Program/STM32/STM32CubeIDE_1.19.0/STM32CubeIDE/plugins/com.st.stm32cube.ide.mcu.externaltools.gnu-tools-for-stm32.13.3.rel1.win32_1.0.0.202411081344/tools/bin/../lib/gcc/arm-none-eabi/13.3.1/../../../../arm-none-eabi/lib/thumb/v7e-m+dp/hard\libc.a(libc_a-lock.o)
                0x08011102                __retarget_lock_close_recursive
 .text.__retarget_lock_acquire_recursive
                0x08011104        0x2 D:/Program/STM32/STM32CubeIDE_1.19.0/STM32CubeIDE/plugins/com.st.stm32cube.ide.mcu.externaltools.gnu-tools-for-stm32.13.3.rel1.win32_1.0.0.202411081344/tools/bin/../lib/gcc/arm-none-eabi/13.3.1/../../../../arm-none-eabi/lib/thumb/v7e-m+dp/hard\libc.a(libc_a-lock.o)
                0x08011104                __retarget_lock_acquire_recursive
 .text.__retarget_lock_release_recursive
                0x08011106        0x2 D:/Program/STM32/STM32CubeIDE_1.19.0/STM32CubeIDE/plugins/com.st.stm32cube.ide.mcu.externaltools.gnu-tools-for-stm32.13.3.rel1.win32_1.0.0.202411081344/tools/bin/../lib/gcc/arm-none-eabi/13.3.1/../../../../arm-none-eabi/lib/thumb/v7e-m+dp/hard\libc.a(libc_a-lock.o)
                0x08011106                __retarget_lock_release_recursive
 .text.memcpy   0x08011108       0x1c D:/Program/STM32/STM32CubeIDE_1.19.0/STM32CubeIDE/plugins/com.st.stm32cube.ide.mcu.externaltools.gnu-tools-for-stm32.13.3.rel1.win32_1.0.0.202411081344/tools/bin/../lib/gcc/arm-none-eabi/13.3.1/../../../../arm-none-eabi/lib/thumb/v7e-m+dp/hard\libc.a(libc_a-memcpy-stub.o)
                0x08011108                memcpy
 .text.startup.register_fini
                0x08011124       0x14 D:/Program/STM32/STM32CubeIDE_1.19.0/STM32CubeIDE/plugins/com.st.stm32cube.ide.mcu.externaltools.gnu-tools-for-stm32.13.3.rel1.win32_1.0.0.202411081344/tools/bin/../lib/gcc/arm-none-eabi/13.3.1/../../../../arm-none-eabi/lib/thumb/v7e-m+dp/hard\libc.a(libc_a-__call_atexit.o)
 .text.atexit   0x08011138        0xc D:/Program/STM32/STM32CubeIDE_1.19.0/STM32CubeIDE/plugins/com.st.stm32cube.ide.mcu.externaltools.gnu-tools-for-stm32.13.3.rel1.win32_1.0.0.202411081344/tools/bin/../lib/gcc/arm-none-eabi/13.3.1/../../../../arm-none-eabi/lib/thumb/v7e-m+dp/hard\libc.a(libc_a-atexit.o)
                0x08011138                atexit
 .text._malloc_trim_r
                0x08011144       0xac D:/Program/STM32/STM32CubeIDE_1.19.0/STM32CubeIDE/plugins/com.st.stm32cube.ide.mcu.externaltools.gnu-tools-for-stm32.13.3.rel1.win32_1.0.0.202411081344/tools/bin/../lib/gcc/arm-none-eabi/13.3.1/../../../../arm-none-eabi/lib/thumb/v7e-m+dp/hard\libc.a(libc_a-freer.o)
                0x08011144                _malloc_trim_r
 .text._free_r  0x080111f0      0x180 D:/Program/STM32/STM32CubeIDE_1.19.0/STM32CubeIDE/plugins/com.st.stm32cube.ide.mcu.externaltools.gnu-tools-for-stm32.13.3.rel1.win32_1.0.0.202411081344/tools/bin/../lib/gcc/arm-none-eabi/13.3.1/../../../../arm-none-eabi/lib/thumb/v7e-m+dp/hard\libc.a(libc_a-freer.o)
                0x080111f0                _free_r
 .text._malloc_r
                0x08011370      0x474 D:/Program/STM32/STM32CubeIDE_1.19.0/STM32CubeIDE/plugins/com.st.stm32cube.ide.mcu.externaltools.gnu-tools-for-stm32.13.3.rel1.win32_1.0.0.202411081344/tools/bin/../lib/gcc/arm-none-eabi/13.3.1/../../../../arm-none-eabi/lib/thumb/v7e-m+dp/hard\libc.a(libc_a-mallocr.o)
                0x08011370                _malloc_r
 .text.__malloc_lock
                0x080117e4        0xc D:/Program/STM32/STM32CubeIDE_1.19.0/STM32CubeIDE/plugins/com.st.stm32cube.ide.mcu.externaltools.gnu-tools-for-stm32.13.3.rel1.win32_1.0.0.202411081344/tools/bin/../lib/gcc/arm-none-eabi/13.3.1/../../../../arm-none-eabi/lib/thumb/v7e-m+dp/hard\libc.a(libc_a-mlock.o)
                0x080117e4                __malloc_lock
 .text.__malloc_unlock
                0x080117f0        0xc D:/Program/STM32/STM32CubeIDE_1.19.0/STM32CubeIDE/plugins/com.st.stm32cube.ide.mcu.externaltools.gnu-tools-for-stm32.13.3.rel1.win32_1.0.0.202411081344/tools/bin/../lib/gcc/arm-none-eabi/13.3.1/../../../../arm-none-eabi/lib/thumb/v7e-m+dp/hard\libc.a(libc_a-mlock.o)
                0x080117f0                __malloc_unlock
 *fill*         0x080117fc        0x4 
 .text._svfprintf_r
                0x08011800     0x1314 D:/Program/STM32/STM32CubeIDE_1.19.0/STM32CubeIDE/plugins/com.st.stm32cube.ide.mcu.externaltools.gnu-tools-for-stm32.13.3.rel1.win32_1.0.0.202411081344/tools/bin/../lib/gcc/arm-none-eabi/13.3.1/../../../../arm-none-eabi/lib/thumb/v7e-m+dp/hard\libc.a(libc_a-svfprintf.o)
                0x08011800                _svfprintf_r
 .text.__ssprint_r
                0x08012b14       0x4e D:/Program/STM32/STM32CubeIDE_1.19.0/STM32CubeIDE/plugins/com.st.stm32cube.ide.mcu.externaltools.gnu-tools-for-stm32.13.3.rel1.win32_1.0.0.202411081344/tools/bin/../lib/gcc/arm-none-eabi/13.3.1/../../../../arm-none-eabi/lib/thumb/v7e-m+dp/hard\libc.a(libc_a-ssprint_r.o)
                0x08012b14                __ssprint_r
 .text._fclose_r
                0x08012b62       0xac D:/Program/STM32/STM32CubeIDE_1.19.0/STM32CubeIDE/plugins/com.st.stm32cube.ide.mcu.externaltools.gnu-tools-for-stm32.13.3.rel1.win32_1.0.0.202411081344/tools/bin/../lib/gcc/arm-none-eabi/13.3.1/../../../../arm-none-eabi/lib/thumb/v7e-m+dp/hard\libc.a(libc_a-fclose.o)
                0x08012b62                _fclose_r
 *fill*         0x08012c0e        0x2 
 .text.__sflush_r
                0x08012c10      0x110 D:/Program/STM32/STM32CubeIDE_1.19.0/STM32CubeIDE/plugins/com.st.stm32cube.ide.mcu.externaltools.gnu-tools-for-stm32.13.3.rel1.win32_1.0.0.202411081344/tools/bin/../lib/gcc/arm-none-eabi/13.3.1/../../../../arm-none-eabi/lib/thumb/v7e-m+dp/hard\libc.a(libc_a-fflush.o)
                0x08012c10                __sflush_r
 .text._fflush_r
                0x08012d20       0x4a D:/Program/STM32/STM32CubeIDE_1.19.0/STM32CubeIDE/plugins/com.st.stm32cube.ide.mcu.externaltools.gnu-tools-for-stm32.13.3.rel1.win32_1.0.0.202411081344/tools/bin/../lib/gcc/arm-none-eabi/13.3.1/../../../../arm-none-eabi/lib/thumb/v7e-m+dp/hard\libc.a(libc_a-fflush.o)
                0x08012d20                _fflush_r
 .text.strncpy  0x08012d6a       0x26 D:/Program/STM32/STM32CubeIDE_1.19.0/STM32CubeIDE/plugins/com.st.stm32cube.ide.mcu.externaltools.gnu-tools-for-stm32.13.3.rel1.win32_1.0.0.202411081344/tools/bin/../lib/gcc/arm-none-eabi/13.3.1/../../../../arm-none-eabi/lib/thumb/v7e-m+dp/hard\libc.a(libc_a-strncpy.o)
                0x08012d6a                strncpy
 .text._localeconv_r
                0x08012d90        0x8 D:/Program/STM32/STM32CubeIDE_1.19.0/STM32CubeIDE/plugins/com.st.stm32cube.ide.mcu.externaltools.gnu-tools-for-stm32.13.3.rel1.win32_1.0.0.202411081344/tools/bin/../lib/gcc/arm-none-eabi/13.3.1/../../../../arm-none-eabi/lib/thumb/v7e-m+dp/hard\libc.a(libc_a-localeconv.o)
                0x08012d90                _localeconv_r
 .text._sbrk_r  0x08012d98       0x20 D:/Program/STM32/STM32CubeIDE_1.19.0/STM32CubeIDE/plugins/com.st.stm32cube.ide.mcu.externaltools.gnu-tools-for-stm32.13.3.rel1.win32_1.0.0.202411081344/tools/bin/../lib/gcc/arm-none-eabi/13.3.1/../../../../arm-none-eabi/lib/thumb/v7e-m+dp/hard\libc.a(libc_a-sbrkr.o)
                0x08012d98                _sbrk_r
 .text.__libc_fini_array
                0x08012db8       0x28 D:/Program/STM32/STM32CubeIDE_1.19.0/STM32CubeIDE/plugins/com.st.stm32cube.ide.mcu.externaltools.gnu-tools-for-stm32.13.3.rel1.win32_1.0.0.202411081344/tools/bin/../lib/gcc/arm-none-eabi/13.3.1/../../../../arm-none-eabi/lib/thumb/v7e-m+dp/hard\libc.a(libc_a-fini.o)
                0x08012db8                __libc_fini_array
 .text.sysconf  0x08012de0       0x18 D:/Program/STM32/STM32CubeIDE_1.19.0/STM32CubeIDE/plugins/com.st.stm32cube.ide.mcu.externaltools.gnu-tools-for-stm32.13.3.rel1.win32_1.0.0.202411081344/tools/bin/../lib/gcc/arm-none-eabi/13.3.1/../../../../arm-none-eabi/lib/thumb/v7e-m+dp/hard\libc.a(libc_a-sysconf.o)
                0x08012de0                sysconf
 .text.frexp    0x08012df8       0x68 D:/Program/STM32/STM32CubeIDE_1.19.0/STM32CubeIDE/plugins/com.st.stm32cube.ide.mcu.externaltools.gnu-tools-for-stm32.13.3.rel1.win32_1.0.0.202411081344/tools/bin/../lib/gcc/arm-none-eabi/13.3.1/../../../../arm-none-eabi/lib/thumb/v7e-m+dp/hard\libc.a(libm_a-s_frexp.o)
                0x08012df8                frexp
 .text.__register_exitproc
                0x08012e60       0x80 D:/Program/STM32/STM32CubeIDE_1.19.0/STM32CubeIDE/plugins/com.st.stm32cube.ide.mcu.externaltools.gnu-tools-for-stm32.13.3.rel1.win32_1.0.0.202411081344/tools/bin/../lib/gcc/arm-none-eabi/13.3.1/../../../../arm-none-eabi/lib/thumb/v7e-m+dp/hard\libc.a(libc_a-__atexit.o)
                0x08012e60                __register_exitproc
 .text.quorem   0x08012ee0      0x110 D:/Program/STM32/STM32CubeIDE_1.19.0/STM32CubeIDE/plugins/com.st.stm32cube.ide.mcu.externaltools.gnu-tools-for-stm32.13.3.rel1.win32_1.0.0.202411081344/tools/bin/../lib/gcc/arm-none-eabi/13.3.1/../../../../arm-none-eabi/lib/thumb/v7e-m+dp/hard\libc.a(libc_a-dtoa.o)
 .text._dtoa_r  0x08012ff0      0xa88 D:/Program/STM32/STM32CubeIDE_1.19.0/STM32CubeIDE/plugins/com.st.stm32cube.ide.mcu.externaltools.gnu-tools-for-stm32.13.3.rel1.win32_1.0.0.202411081344/tools/bin/../lib/gcc/arm-none-eabi/13.3.1/../../../../arm-none-eabi/lib/thumb/v7e-m+dp/hard\libc.a(libc_a-dtoa.o)
                0x08012ff0                _dtoa_r
 .text._Balloc  0x08013a78       0x4a D:/Program/STM32/STM32CubeIDE_1.19.0/STM32CubeIDE/plugins/com.st.stm32cube.ide.mcu.externaltools.gnu-tools-for-stm32.13.3.rel1.win32_1.0.0.202411081344/tools/bin/../lib/gcc/arm-none-eabi/13.3.1/../../../../arm-none-eabi/lib/thumb/v7e-m+dp/hard\libc.a(libc_a-mprec.o)
                0x08013a78                _Balloc
 .text._Bfree   0x08013ac2       0x12 D:/Program/STM32/STM32CubeIDE_1.19.0/STM32CubeIDE/plugins/com.st.stm32cube.ide.mcu.externaltools.gnu-tools-for-stm32.13.3.rel1.win32_1.0.0.202411081344/tools/bin/../lib/gcc/arm-none-eabi/13.3.1/../../../../arm-none-eabi/lib/thumb/v7e-m+dp/hard\libc.a(libc_a-mprec.o)
                0x08013ac2                _Bfree
 .text.__multadd
                0x08013ad4       0x8c D:/Program/STM32/STM32CubeIDE_1.19.0/STM32CubeIDE/plugins/com.st.stm32cube.ide.mcu.externaltools.gnu-tools-for-stm32.13.3.rel1.win32_1.0.0.202411081344/tools/bin/../lib/gcc/arm-none-eabi/13.3.1/../../../../arm-none-eabi/lib/thumb/v7e-m+dp/hard\libc.a(libc_a-mprec.o)
                0x08013ad4                __multadd
 .text.__hi0bits
                0x08013b60       0x3e D:/Program/STM32/STM32CubeIDE_1.19.0/STM32CubeIDE/plugins/com.st.stm32cube.ide.mcu.externaltools.gnu-tools-for-stm32.13.3.rel1.win32_1.0.0.202411081344/tools/bin/../lib/gcc/arm-none-eabi/13.3.1/../../../../arm-none-eabi/lib/thumb/v7e-m+dp/hard\libc.a(libc_a-mprec.o)
                0x08013b60                __hi0bits
 .text.__lo0bits
                0x08013b9e       0x5a D:/Program/STM32/STM32CubeIDE_1.19.0/STM32CubeIDE/plugins/com.st.stm32cube.ide.mcu.externaltools.gnu-tools-for-stm32.13.3.rel1.win32_1.0.0.202411081344/tools/bin/../lib/gcc/arm-none-eabi/13.3.1/../../../../arm-none-eabi/lib/thumb/v7e-m+dp/hard\libc.a(libc_a-mprec.o)
                0x08013b9e                __lo0bits
 .text.__i2b    0x08013bf8       0x2c D:/Program/STM32/STM32CubeIDE_1.19.0/STM32CubeIDE/plugins/com.st.stm32cube.ide.mcu.externaltools.gnu-tools-for-stm32.13.3.rel1.win32_1.0.0.202411081344/tools/bin/../lib/gcc/arm-none-eabi/13.3.1/../../../../arm-none-eabi/lib/thumb/v7e-m+dp/hard\libc.a(libc_a-mprec.o)
                0x08013bf8                __i2b
 .text.__multiply
                0x08013c24      0x144 D:/Program/STM32/STM32CubeIDE_1.19.0/STM32CubeIDE/plugins/com.st.stm32cube.ide.mcu.externaltools.gnu-tools-for-stm32.13.3.rel1.win32_1.0.0.202411081344/tools/bin/../lib/gcc/arm-none-eabi/13.3.1/../../../../arm-none-eabi/lib/thumb/v7e-m+dp/hard\libc.a(libc_a-mprec.o)
                0x08013c24                __multiply
 .text.__pow5mult
                0x08013d68       0x80 D:/Program/STM32/STM32CubeIDE_1.19.0/STM32CubeIDE/plugins/com.st.stm32cube.ide.mcu.externaltools.gnu-tools-for-stm32.13.3.rel1.win32_1.0.0.202411081344/tools/bin/../lib/gcc/arm-none-eabi/13.3.1/../../../../arm-none-eabi/lib/thumb/v7e-m+dp/hard\libc.a(libc_a-mprec.o)
                0x08013d68                __pow5mult
 .text.__lshift
                0x08013de8       0xd8 D:/Program/STM32/STM32CubeIDE_1.19.0/STM32CubeIDE/plugins/com.st.stm32cube.ide.mcu.externaltools.gnu-tools-for-stm32.13.3.rel1.win32_1.0.0.202411081344/tools/bin/../lib/gcc/arm-none-eabi/13.3.1/../../../../arm-none-eabi/lib/thumb/v7e-m+dp/hard\libc.a(libc_a-mprec.o)
                0x08013de8                __lshift
 .text.__mcmp   0x08013ec0       0x36 D:/Program/STM32/STM32CubeIDE_1.19.0/STM32CubeIDE/plugins/com.st.stm32cube.ide.mcu.externaltools.gnu-tools-for-stm32.13.3.rel1.win32_1.0.0.202411081344/tools/bin/../lib/gcc/arm-none-eabi/13.3.1/../../../../arm-none-eabi/lib/thumb/v7e-m+dp/hard\libc.a(libc_a-mprec.o)
                0x08013ec0                __mcmp
 *fill*         0x08013ef6        0x2 
 .text.__mdiff  0x08013ef8      0x128 D:/Program/STM32/STM32CubeIDE_1.19.0/STM32CubeIDE/plugins/com.st.stm32cube.ide.mcu.externaltools.gnu-tools-for-stm32.13.3.rel1.win32_1.0.0.202411081344/tools/bin/../lib/gcc/arm-none-eabi/13.3.1/../../../../arm-none-eabi/lib/thumb/v7e-m+dp/hard\libc.a(libc_a-mprec.o)
                0x08013ef8                __mdiff
 .text.__d2b    0x08014020       0xb0 D:/Program/STM32/STM32CubeIDE_1.19.0/STM32CubeIDE/plugins/com.st.stm32cube.ide.mcu.externaltools.gnu-tools-for-stm32.13.3.rel1.win32_1.0.0.202411081344/tools/bin/../lib/gcc/arm-none-eabi/13.3.1/../../../../arm-none-eabi/lib/thumb/v7e-m+dp/hard\libc.a(libc_a-mprec.o)
                0x08014020                __d2b
 .text.__ssputs_r
                0x080140d0       0xb6 D:/Program/STM32/STM32CubeIDE_1.19.0/STM32CubeIDE/plugins/com.st.stm32cube.ide.mcu.externaltools.gnu-tools-for-stm32.13.3.rel1.win32_1.0.0.202411081344/tools/bin/../lib/gcc/arm-none-eabi/13.3.1/../../../../arm-none-eabi/lib/thumb/v7e-m+dp/hard\libc.a(libc_a-ssputs_r.o)
                0x080140d0                __ssputs_r
 .text.memmove  0x08014186       0x34 D:/Program/STM32/STM32CubeIDE_1.19.0/STM32CubeIDE/plugins/com.st.stm32cube.ide.mcu.externaltools.gnu-tools-for-stm32.13.3.rel1.win32_1.0.0.202411081344/tools/bin/../lib/gcc/arm-none-eabi/13.3.1/../../../../arm-none-eabi/lib/thumb/v7e-m+dp/hard\libc.a(libc_a-memmove.o)
                0x08014186                memmove
 *fill*         0x080141ba        0x2 
 .text.__assert_func
                0x080141bc       0x3c D:/Program/STM32/STM32CubeIDE_1.19.0/STM32CubeIDE/plugins/com.st.stm32cube.ide.mcu.externaltools.gnu-tools-for-stm32.13.3.rel1.win32_1.0.0.202411081344/tools/bin/../lib/gcc/arm-none-eabi/13.3.1/../../../../arm-none-eabi/lib/thumb/v7e-m+dp/hard\libc.a(libc_a-assert.o)
                0x080141bc                __assert_func
 .text._calloc_r
                0x080141f8       0x6a D:/Program/STM32/STM32CubeIDE_1.19.0/STM32CubeIDE/plugins/com.st.stm32cube.ide.mcu.externaltools.gnu-tools-for-stm32.13.3.rel1.win32_1.0.0.202411081344/tools/bin/../lib/gcc/arm-none-eabi/13.3.1/../../../../arm-none-eabi/lib/thumb/v7e-m+dp/hard\libc.a(libc_a-callocr.o)
                0x080141f8                _calloc_r
 .text.__ascii_mbtowc
                0x08014262       0x24 D:/Program/STM32/STM32CubeIDE_1.19.0/STM32CubeIDE/plugins/com.st.stm32cube.ide.mcu.externaltools.gnu-tools-for-stm32.13.3.rel1.win32_1.0.0.202411081344/tools/bin/../lib/gcc/arm-none-eabi/13.3.1/../../../../arm-none-eabi/lib/thumb/v7e-m+dp/hard\libc.a(libc_a-mbtowc_r.o)
                0x08014262                __ascii_mbtowc
 *fill*         0x08014286        0x2 
 .text._realloc_r
                0x08014288      0x350 D:/Program/STM32/STM32CubeIDE_1.19.0/STM32CubeIDE/plugins/com.st.stm32cube.ide.mcu.externaltools.gnu-tools-for-stm32.13.3.rel1.win32_1.0.0.202411081344/tools/bin/../lib/gcc/arm-none-eabi/13.3.1/../../../../arm-none-eabi/lib/thumb/v7e-m+dp/hard\libc.a(libc_a-reallocr.o)
                0x08014288                _realloc_r
 .text.__ascii_wctomb
                0x080145d8       0x1a D:/Program/STM32/STM32CubeIDE_1.19.0/STM32CubeIDE/plugins/com.st.stm32cube.ide.mcu.externaltools.gnu-tools-for-stm32.13.3.rel1.win32_1.0.0.202411081344/tools/bin/../lib/gcc/arm-none-eabi/13.3.1/../../../../arm-none-eabi/lib/thumb/v7e-m+dp/hard\libc.a(libc_a-wctomb_r.o)
                0x080145d8                __ascii_wctomb
 *fill*         0x080145f2        0x2 
 .text.fiprintf
                0x080145f4       0x24 D:/Program/STM32/STM32CubeIDE_1.19.0/STM32CubeIDE/plugins/com.st.stm32cube.ide.mcu.externaltools.gnu-tools-for-stm32.13.3.rel1.win32_1.0.0.202411081344/tools/bin/../lib/gcc/arm-none-eabi/13.3.1/../../../../arm-none-eabi/lib/thumb/v7e-m+dp/hard\libc.a(libc_a-fiprintf.o)
                0x080145f4                fiprintf
 .text._vfiprintf_r
                0x08014618      0x910 D:/Program/STM32/STM32CubeIDE_1.19.0/STM32CubeIDE/plugins/com.st.stm32cube.ide.mcu.externaltools.gnu-tools-for-stm32.13.3.rel1.win32_1.0.0.202411081344/tools/bin/../lib/gcc/arm-none-eabi/13.3.1/../../../../arm-none-eabi/lib/thumb/v7e-m+dp/hard\libc.a(libc_a-vfiprintf.o)
                0x08014618                _vfiprintf_r
 .text.__sbprintf
                0x08014f28       0x80 D:/Program/STM32/STM32CubeIDE_1.19.0/STM32CubeIDE/plugins/com.st.stm32cube.ide.mcu.externaltools.gnu-tools-for-stm32.13.3.rel1.win32_1.0.0.202411081344/tools/bin/../lib/gcc/arm-none-eabi/13.3.1/../../../../arm-none-eabi/lib/thumb/v7e-m+dp/hard\libc.a(libc_a-vfiprintf.o)
 .text.__sprint_r
                0x08014fa8       0x1a D:/Program/STM32/STM32CubeIDE_1.19.0/STM32CubeIDE/plugins/com.st.stm32cube.ide.mcu.externaltools.gnu-tools-for-stm32.13.3.rel1.win32_1.0.0.202411081344/tools/bin/../lib/gcc/arm-none-eabi/13.3.1/../../../../arm-none-eabi/lib/thumb/v7e-m+dp/hard\libc.a(libc_a-sprint_r.o)
                0x08014fa8                __sprint_r
 *fill*         0x08014fc2        0x2 
 .text.__sfvwrite_r
                0x08014fc4      0x298 D:/Program/STM32/STM32CubeIDE_1.19.0/STM32CubeIDE/plugins/com.st.stm32cube.ide.mcu.externaltools.gnu-tools-for-stm32.13.3.rel1.win32_1.0.0.202411081344/tools/bin/../lib/gcc/arm-none-eabi/13.3.1/../../../../arm-none-eabi/lib/thumb/v7e-m+dp/hard\libc.a(libc_a-fvwrite.o)
                0x08014fc4                __sfvwrite_r
 .text.__swsetup_r
                0x0801525c       0xac D:/Program/STM32/STM32CubeIDE_1.19.0/STM32CubeIDE/plugins/com.st.stm32cube.ide.mcu.externaltools.gnu-tools-for-stm32.13.3.rel1.win32_1.0.0.202411081344/tools/bin/../lib/gcc/arm-none-eabi/13.3.1/../../../../arm-none-eabi/lib/thumb/v7e-m+dp/hard\libc.a(libc_a-wsetup.o)
                0x0801525c                __swsetup_r
 .text.abort    0x08015308        0xe D:/Program/STM32/STM32CubeIDE_1.19.0/STM32CubeIDE/plugins/com.st.stm32cube.ide.mcu.externaltools.gnu-tools-for-stm32.13.3.rel1.win32_1.0.0.202411081344/tools/bin/../lib/gcc/arm-none-eabi/13.3.1/../../../../arm-none-eabi/lib/thumb/v7e-m+dp/hard\libc.a(libc_a-abort.o)
                0x08015308                abort
 .text.__swhatbuf_r
                0x08015316       0x50 D:/Program/STM32/STM32CubeIDE_1.19.0/STM32CubeIDE/plugins/com.st.stm32cube.ide.mcu.externaltools.gnu-tools-for-stm32.13.3.rel1.win32_1.0.0.202411081344/tools/bin/../lib/gcc/arm-none-eabi/13.3.1/../../../../arm-none-eabi/lib/thumb/v7e-m+dp/hard\libc.a(libc_a-makebuf.o)
                0x08015316                __swhatbuf_r
 .text.__smakebuf_r
                0x08015366       0x78 D:/Program/STM32/STM32CubeIDE_1.19.0/STM32CubeIDE/plugins/com.st.stm32cube.ide.mcu.externaltools.gnu-tools-for-stm32.13.3.rel1.win32_1.0.0.202411081344/tools/bin/../lib/gcc/arm-none-eabi/13.3.1/../../../../arm-none-eabi/lib/thumb/v7e-m+dp/hard\libc.a(libc_a-makebuf.o)
                0x08015366                __smakebuf_r
 .text._raise_r
                0x080153de       0x52 D:/Program/STM32/STM32CubeIDE_1.19.0/STM32CubeIDE/plugins/com.st.stm32cube.ide.mcu.externaltools.gnu-tools-for-stm32.13.3.rel1.win32_1.0.0.202411081344/tools/bin/../lib/gcc/arm-none-eabi/13.3.1/../../../../arm-none-eabi/lib/thumb/v7e-m+dp/hard\libc.a(libc_a-signal.o)
                0x080153de                _raise_r
 .text.raise    0x08015430       0x10 D:/Program/STM32/STM32CubeIDE_1.19.0/STM32CubeIDE/plugins/com.st.stm32cube.ide.mcu.externaltools.gnu-tools-for-stm32.13.3.rel1.win32_1.0.0.202411081344/tools/bin/../lib/gcc/arm-none-eabi/13.3.1/../../../../arm-none-eabi/lib/thumb/v7e-m+dp/hard\libc.a(libc_a-signal.o)
                0x08015430                raise
 .text._fstat_r
                0x08015440       0x24 D:/Program/STM32/STM32CubeIDE_1.19.0/STM32CubeIDE/plugins/com.st.stm32cube.ide.mcu.externaltools.gnu-tools-for-stm32.13.3.rel1.win32_1.0.0.202411081344/tools/bin/../lib/gcc/arm-none-eabi/13.3.1/../../../../arm-none-eabi/lib/thumb/v7e-m+dp/hard\libc.a(libc_a-fstatr.o)
                0x08015440                _fstat_r
 .text._isatty_r
                0x08015464       0x20 D:/Program/STM32/STM32CubeIDE_1.19.0/STM32CubeIDE/plugins/com.st.stm32cube.ide.mcu.externaltools.gnu-tools-for-stm32.13.3.rel1.win32_1.0.0.202411081344/tools/bin/../lib/gcc/arm-none-eabi/13.3.1/../../../../arm-none-eabi/lib/thumb/v7e-m+dp/hard\libc.a(libc_a-isattyr.o)
                0x08015464                _isatty_r
 .text._kill_r  0x08015484       0x24 D:/Program/STM32/STM32CubeIDE_1.19.0/STM32CubeIDE/plugins/com.st.stm32cube.ide.mcu.externaltools.gnu-tools-for-stm32.13.3.rel1.win32_1.0.0.202411081344/tools/bin/../lib/gcc/arm-none-eabi/13.3.1/../../../../arm-none-eabi/lib/thumb/v7e-m+dp/hard\libc.a(libc_a-signalr.o)
                0x08015484                _kill_r
 .text._getpid_r
                0x080154a8        0x4 D:/Program/STM32/STM32CubeIDE_1.19.0/STM32CubeIDE/plugins/com.st.stm32cube.ide.mcu.externaltools.gnu-tools-for-stm32.13.3.rel1.win32_1.0.0.202411081344/tools/bin/../lib/gcc/arm-none-eabi/13.3.1/../../../../arm-none-eabi/lib/thumb/v7e-m+dp/hard\libc.a(libc_a-signalr.o)
                0x080154a8                _getpid_r
 *fill*         0x080154ac        0x4 
 .text.fmod     0x080154b0       0x48 D:/Program/STM32/STM32CubeIDE_1.19.0/STM32CubeIDE/plugins/com.st.stm32cube.ide.mcu.externaltools.gnu-tools-for-stm32.13.3.rel1.win32_1.0.0.202411081344/tools/bin/../lib/gcc/arm-none-eabi/13.3.1/../../../../arm-none-eabi/lib/thumb/v7e-m+dp/hard\libm.a(libm_a-w_fmod.o)
                0x080154b0                fmod
 .text.sqrt     0x080154f8       0x40 D:/Program/STM32/STM32CubeIDE_1.19.0/STM32CubeIDE/plugins/com.st.stm32cube.ide.mcu.externaltools.gnu-tools-for-stm32.13.3.rel1.win32_1.0.0.202411081344/tools/bin/../lib/gcc/arm-none-eabi/13.3.1/../../../../arm-none-eabi/lib/thumb/v7e-m+dp/hard\libm.a(libm_a-w_sqrt.o)
                0x080154f8                sqrt
 .text.atan     0x08015538      0x1f4 D:/Program/STM32/STM32CubeIDE_1.19.0/STM32CubeIDE/plugins/com.st.stm32cube.ide.mcu.externaltools.gnu-tools-for-stm32.13.3.rel1.win32_1.0.0.202411081344/tools/bin/../lib/gcc/arm-none-eabi/13.3.1/../../../../arm-none-eabi/lib/thumb/v7e-m+dp/hard\libm.a(libm_a-s_atan.o)
                0x08015538                atan
 .text.fabs     0x0801572c       0x10 D:/Program/STM32/STM32CubeIDE_1.19.0/STM32CubeIDE/plugins/com.st.stm32cube.ide.mcu.externaltools.gnu-tools-for-stm32.13.3.rel1.win32_1.0.0.202411081344/tools/bin/../lib/gcc/arm-none-eabi/13.3.1/../../../../arm-none-eabi/lib/thumb/v7e-m+dp/hard\libm.a(libm_a-s_fabs.o)
                0x0801572c                fabs
 .text.__ieee754_sqrt
                0x0801573c        0x6 D:/Program/STM32/STM32CubeIDE_1.19.0/STM32CubeIDE/plugins/com.st.stm32cube.ide.mcu.externaltools.gnu-tools-for-stm32.13.3.rel1.win32_1.0.0.202411081344/tools/bin/../lib/gcc/arm-none-eabi/13.3.1/../../../../arm-none-eabi/lib/thumb/v7e-m+dp/hard\libm.a(libm_a-e_sqrt.o)
                0x0801573c                __ieee754_sqrt
 *fill*         0x08015742        0x2 
 .text.__ieee754_fmod
                0x08015744      0x214 D:/Program/STM32/STM32CubeIDE_1.19.0/STM32CubeIDE/plugins/com.st.stm32cube.ide.mcu.externaltools.gnu-tools-for-stm32.13.3.rel1.win32_1.0.0.202411081344/tools/bin/../lib/gcc/arm-none-eabi/13.3.1/../../../../arm-none-eabi/lib/thumb/v7e-m+dp/hard\libm.a(libm_a-e_fmod.o)
                0x08015744                __ieee754_fmod
 *(.glue_7)
 .glue_7        0x08015958        0x0 linker stubs
 *(.glue_7t)
 .glue_7t       0x08015958        0x0 linker stubs
 *(.eh_frame)
 .eh_frame      0x08015958        0x0 D:/Program/STM32/STM32CubeIDE_1.19.0/STM32CubeIDE/plugins/com.st.stm32cube.ide.mcu.externaltools.gnu-tools-for-stm32.13.3.rel1.win32_1.0.0.202411081344/tools/bin/../lib/gcc/arm-none-eabi/13.3.1/thumb/v7e-m+dp/hard/crtbegin.o
 *(.init)
 .init          0x08015958        0x4 D:/Program/STM32/STM32CubeIDE_1.19.0/STM32CubeIDE/plugins/com.st.stm32cube.ide.mcu.externaltools.gnu-tools-for-stm32.13.3.rel1.win32_1.0.0.202411081344/tools/bin/../lib/gcc/arm-none-eabi/13.3.1/thumb/v7e-m+dp/hard/crti.o
                0x08015958                _init
 .init          0x0801595c        0x8 D:/Program/STM32/STM32CubeIDE_1.19.0/STM32CubeIDE/plugins/com.st.stm32cube.ide.mcu.externaltools.gnu-tools-for-stm32.13.3.rel1.win32_1.0.0.202411081344/tools/bin/../lib/gcc/arm-none-eabi/13.3.1/thumb/v7e-m+dp/hard/crtn.o
 *(.fini)
 .fini          0x08015964        0x4 D:/Program/STM32/STM32CubeIDE_1.19.0/STM32CubeIDE/plugins/com.st.stm32cube.ide.mcu.externaltools.gnu-tools-for-stm32.13.3.rel1.win32_1.0.0.202411081344/tools/bin/../lib/gcc/arm-none-eabi/13.3.1/thumb/v7e-m+dp/hard/crti.o
                0x08015964                _fini
 .fini          0x08015968        0x8 D:/Program/STM32/STM32CubeIDE_1.19.0/STM32CubeIDE/plugins/com.st.stm32cube.ide.mcu.externaltools.gnu-tools-for-stm32.13.3.rel1.win32_1.0.0.202411081344/tools/bin/../lib/gcc/arm-none-eabi/13.3.1/thumb/v7e-m+dp/hard/crtn.o
                0x08015970                        . = ALIGN (0x4)
                0x08015970                        _etext = .

.vfp11_veneer   0x08015970        0x0
 .vfp11_veneer  0x08015970        0x0 linker stubs

.v4_bx          0x08015970        0x0
 .v4_bx         0x08015970        0x0 linker stubs

.iplt           0x08015970        0x0
 .iplt          0x08015970        0x0 D:/Program/STM32/STM32CubeIDE_1.19.0/STM32CubeIDE/plugins/com.st.stm32cube.ide.mcu.externaltools.gnu-tools-for-stm32.13.3.rel1.win32_1.0.0.202411081344/tools/bin/../lib/gcc/arm-none-eabi/13.3.1/thumb/v7e-m+dp/hard/crtbegin.o

.rodata         0x08015970      0x628
                0x08015970                        . = ALIGN (0x4)
 *(.rodata)
 .rodata        0x08015970       0xdd ./Core/Src/ad.o
 *fill*         0x08015a4d        0x3 
 .rodata        0x08015a50      0x121 ./Core/Src/main.o
 *(.rodata*)
 *fill*         0x08015b71        0x3 
 .rodata.D1CorePrescTable
                0x08015b74       0x10 ./Core/Src/system_stm32h7xx.o
                0x08015b74                D1CorePrescTable
 .rodata.flagBitshiftOffset.0
                0x08015b84        0x8 ./Drivers/STM32H7xx_HAL_Driver/Src/stm32h7xx_hal_dma.o
 .rodata.UARTPrescTable
                0x08015b8c       0x18 ./Drivers/STM32H7xx_HAL_Driver/Src/stm32h7xx_hal_uart.o
                0x08015b8c                UARTPrescTable
 .rodata.numerator.1
                0x08015ba4        0x8 ./Drivers/STM32H7xx_HAL_Driver/Src/stm32h7xx_hal_uart_ex.o
 .rodata.denominator.0
                0x08015bac        0x8 ./Drivers/STM32H7xx_HAL_Driver/Src/stm32h7xx_hal_uart_ex.o
 .rodata._svfprintf_r.str1.1
                0x08015bb4      0x149 D:/Program/STM32/STM32CubeIDE_1.19.0/STM32CubeIDE/plugins/com.st.stm32cube.ide.mcu.externaltools.gnu-tools-for-stm32.13.3.rel1.win32_1.0.0.202411081344/tools/bin/../lib/gcc/arm-none-eabi/13.3.1/../../../../arm-none-eabi/lib/thumb/v7e-m+dp/hard\libc.a(libc_a-svfprintf.o)
                                 0x34 (size before relaxing)
 .rodata.zeroes.0
                0x08015cfd       0x10 D:/Program/STM32/STM32CubeIDE_1.19.0/STM32CubeIDE/plugins/com.st.stm32cube.ide.mcu.externaltools.gnu-tools-for-stm32.13.3.rel1.win32_1.0.0.202411081344/tools/bin/../lib/gcc/arm-none-eabi/13.3.1/../../../../arm-none-eabi/lib/thumb/v7e-m+dp/hard\libc.a(libc_a-svfprintf.o)
 .rodata.blanks.1
                0x08015d0d       0x10 D:/Program/STM32/STM32CubeIDE_1.19.0/STM32CubeIDE/plugins/com.st.stm32cube.ide.mcu.externaltools.gnu-tools-for-stm32.13.3.rel1.win32_1.0.0.202411081344/tools/bin/../lib/gcc/arm-none-eabi/13.3.1/../../../../arm-none-eabi/lib/thumb/v7e-m+dp/hard\libc.a(libc_a-svfprintf.o)
 .rodata._dtoa_r.str1.1
                0x08015d1d       0x78 D:/Program/STM32/STM32CubeIDE_1.19.0/STM32CubeIDE/plugins/com.st.stm32cube.ide.mcu.externaltools.gnu-tools-for-stm32.13.3.rel1.win32_1.0.0.202411081344/tools/bin/../lib/gcc/arm-none-eabi/13.3.1/../../../../arm-none-eabi/lib/thumb/v7e-m+dp/hard\libc.a(libc_a-dtoa.o)
 .rodata.__multadd.str1.1
                0x08015d1d       0x6a D:/Program/STM32/STM32CubeIDE_1.19.0/STM32CubeIDE/plugins/com.st.stm32cube.ide.mcu.externaltools.gnu-tools-for-stm32.13.3.rel1.win32_1.0.0.202411081344/tools/bin/../lib/gcc/arm-none-eabi/13.3.1/../../../../arm-none-eabi/lib/thumb/v7e-m+dp/hard\libc.a(libc_a-mprec.o)
 *fill*         0x08015d1d        0x3 
 .rodata.p05.0  0x08015d20        0xc D:/Program/STM32/STM32CubeIDE_1.19.0/STM32CubeIDE/plugins/com.st.stm32cube.ide.mcu.externaltools.gnu-tools-for-stm32.13.3.rel1.win32_1.0.0.202411081344/tools/bin/../lib/gcc/arm-none-eabi/13.3.1/../../../../arm-none-eabi/lib/thumb/v7e-m+dp/hard\libc.a(libc_a-mprec.o)
 *fill*         0x08015d2c        0x4 
 .rodata.__mprec_bigtens
                0x08015d30       0x28 D:/Program/STM32/STM32CubeIDE_1.19.0/STM32CubeIDE/plugins/com.st.stm32cube.ide.mcu.externaltools.gnu-tools-for-stm32.13.3.rel1.win32_1.0.0.202411081344/tools/bin/../lib/gcc/arm-none-eabi/13.3.1/../../../../arm-none-eabi/lib/thumb/v7e-m+dp/hard\libc.a(libc_a-mprec.o)
                0x08015d30                __mprec_bigtens
 .rodata.__mprec_tens
                0x08015d58       0xc8 D:/Program/STM32/STM32CubeIDE_1.19.0/STM32CubeIDE/plugins/com.st.stm32cube.ide.mcu.externaltools.gnu-tools-for-stm32.13.3.rel1.win32_1.0.0.202411081344/tools/bin/../lib/gcc/arm-none-eabi/13.3.1/../../../../arm-none-eabi/lib/thumb/v7e-m+dp/hard\libc.a(libc_a-mprec.o)
                0x08015d58                __mprec_tens
 .rodata._setlocale_r.str1.1
                0x08015e20        0x9 D:/Program/STM32/STM32CubeIDE_1.19.0/STM32CubeIDE/plugins/com.st.stm32cube.ide.mcu.externaltools.gnu-tools-for-stm32.13.3.rel1.win32_1.0.0.202411081344/tools/bin/../lib/gcc/arm-none-eabi/13.3.1/../../../../arm-none-eabi/lib/thumb/v7e-m+dp/hard\libc.a(libc_a-locale.o)
 .rodata.str1.1
                0x08015e20        0x2 D:/Program/STM32/STM32CubeIDE_1.19.0/STM32CubeIDE/plugins/com.st.stm32cube.ide.mcu.externaltools.gnu-tools-for-stm32.13.3.rel1.win32_1.0.0.202411081344/tools/bin/../lib/gcc/arm-none-eabi/13.3.1/../../../../arm-none-eabi/lib/thumb/v7e-m+dp/hard\libc.a(libc_a-locale.o)
 .rodata.__assert_func.str1.1
                0x08015e20       0x3d D:/Program/STM32/STM32CubeIDE_1.19.0/STM32CubeIDE/plugins/com.st.stm32cube.ide.mcu.externaltools.gnu-tools-for-stm32.13.3.rel1.win32_1.0.0.202411081344/tools/bin/../lib/gcc/arm-none-eabi/13.3.1/../../../../arm-none-eabi/lib/thumb/v7e-m+dp/hard\libc.a(libc_a-assert.o)
 .rodata._ctype_
                0x08015e20      0x101 D:/Program/STM32/STM32CubeIDE_1.19.0/STM32CubeIDE/plugins/com.st.stm32cube.ide.mcu.externaltools.gnu-tools-for-stm32.13.3.rel1.win32_1.0.0.202411081344/tools/bin/../lib/gcc/arm-none-eabi/13.3.1/../../../../arm-none-eabi/lib/thumb/v7e-m+dp/hard\libc.a(libc_a-ctype_.o)
                0x08015e20                _ctype_
 .rodata._vfiprintf_r.str1.1
                0x08015f21       0x22 D:/Program/STM32/STM32CubeIDE_1.19.0/STM32CubeIDE/plugins/com.st.stm32cube.ide.mcu.externaltools.gnu-tools-for-stm32.13.3.rel1.win32_1.0.0.202411081344/tools/bin/../lib/gcc/arm-none-eabi/13.3.1/../../../../arm-none-eabi/lib/thumb/v7e-m+dp/hard\libc.a(libc_a-vfiprintf.o)
 .rodata.zeroes.0
                0x08015f21       0x10 D:/Program/STM32/STM32CubeIDE_1.19.0/STM32CubeIDE/plugins/com.st.stm32cube.ide.mcu.externaltools.gnu-tools-for-stm32.13.3.rel1.win32_1.0.0.202411081344/tools/bin/../lib/gcc/arm-none-eabi/13.3.1/../../../../arm-none-eabi/lib/thumb/v7e-m+dp/hard\libc.a(libc_a-vfiprintf.o)
 .rodata.blanks.1
                0x08015f31       0x10 D:/Program/STM32/STM32CubeIDE_1.19.0/STM32CubeIDE/plugins/com.st.stm32cube.ide.mcu.externaltools.gnu-tools-for-stm32.13.3.rel1.win32_1.0.0.202411081344/tools/bin/../lib/gcc/arm-none-eabi/13.3.1/../../../../arm-none-eabi/lib/thumb/v7e-m+dp/hard\libc.a(libc_a-vfiprintf.o)
 *fill*         0x08015f41        0x7 
 .rodata.atanlo
                0x08015f48       0x20 D:/Program/STM32/STM32CubeIDE_1.19.0/STM32CubeIDE/plugins/com.st.stm32cube.ide.mcu.externaltools.gnu-tools-for-stm32.13.3.rel1.win32_1.0.0.202411081344/tools/bin/../lib/gcc/arm-none-eabi/13.3.1/../../../../arm-none-eabi/lib/thumb/v7e-m+dp/hard\libm.a(libm_a-s_atan.o)
 .rodata.atanhi